<html>
<body>
<pre>
<h1>礦ision Build Log</h1>
<h2>Tool Versions:</h2>
IDE-Version: μVision V5.15
Copyright (C) 2015 ARM Ltd and ARM Germany GmbH. All rights reserved.
License Information: 1 wang, 1, LIC=BL2Z9-4JK1Q-D15PR-K1JUL-36TJS-9CQYW
 
Tool Versions:
Toolchain:       MDK-ARM Professional  Version: 5.15.0
Toolchain Path:  F:\Keil_v5\ARM\ARMCC\Bin
C Compiler:      Armcc.exe V5.05 update 2 (build 169)
Assembler:       Armasm.exe V5.05 update 2 (build 169)
Linker/Locator:  ArmLink.exe V5.05 update 2 (build 169)
Library Manager: ArmAr.exe V5.05 update 2 (build 169)
Hex Converter:   FromElf.exe V5.05 update 2 (build 169)
CPU DLL:         SARMCM3.DLL V5.15.0
Dialog DLL:      DARMSTM.DLL V1.65.0.0
Target DLL:      STLink\ST-LINKIII-KEIL_SWO.dll V2.0.15.0_KEIL
Dialog DLL:      TARMSTM.DLL V1.64.0.0
 
<h2>Project:</h2>
E:\STM32F103ZET车牌识别\USER\OV7725_OV7670.uvprojx
Project File Date:  05/14/2021

<h2>Output:</h2>
*** Using Compiler 'V5.05 update 2 (build 169)', folder: 'F:\Keil_v5\ARM\ARMCC\Bin'
Build target 'OV7725_OV7670'
compiling main.c...
..\HARDWARE\string\string.h(6): warning:  #1-D: last line of file ends without a newline
  #endif 
main.c(131): warning:  #177-D: variable "b" was declared but never referenced
                u16 a=0,b=0;
main.c(180): warning:  #177-D: variable "e" was declared but never referenced
        u16 a=0,b=0,e=0;
main.c(183): warning:  #177-D: variable "num1" was declared but never referenced
        u8 num1=0,num2=0,num3=0;
main.c(346): warning:  #177-D: variable "e" was declared but never referenced
        u16 a=0,b=0,e=0,num1=0;
main.c(368): warning:  #177-D: variable "move" was declared but never referenced
        u16 a=0,b=0,num1=0,move=0;
main.c(415): warning:  #177-D: variable "b" was declared but never referenced
        u16 a=0,b=0; 
main.c(533): warning:  #177-D: variable "Compare_num" was declared but never referenced
  u16 Compare_num=0;
main.c(631): warning:  #177-D: variable "u" was declared but never referenced
        u16 a,b,u,i;
main.c(631): warning:  #177-D: variable "i" was declared but never referenced
        u16 a,b,u,i;
main.c(883): warning:  #177-D: variable "j" was declared but never referenced
        u32 i=0,j=0;
main.c(997): warning:  #177-D: variable "i" was declared but never referenced
        u32 i=0,j=0;
main.c(997): warning:  #177-D: variable "j" was declared but never referenced
        u32 i=0,j=0;
main.c(1089): warning:  #550-D: variable "sensor" was set but never used
        u8 sensor=0;
main.c(1090): warning:  #177-D: variable "key" was declared but never referenced
        u8 key;
main.c(1091): warning:  #177-D: variable "i" was declared but never referenced
        u8 i=0;  
main.c(1093): warning:  #177-D: variable "msgbuf" was declared but never referenced
        u8 msgbuf[15];//??息缓????
main.c(1094): warning:  #177-D: variable "tm" was declared but never referenced
        u8 tm=0;
main.c(1095): warning:  #177-D: variable "lightmode" was declared but never referenced
        u8 lightmode=0,effect=0;
main.c(1095): warning:  #177-D: variable "effect" was declared but never referenced
        u8 lightmode=0,effect=0;
main.c(1096): warning:  #177-D: variable "saturation" was declared but never referenced
        s8 saturation=0,brightness=0,contrast=0;
main.c(1096): warning:  #177-D: variable "brightness" was declared but never referenced
        s8 saturation=0,brightness=0,contrast=0;
main.c(1096): warning:  #177-D: variable "contrast" was declared but never referenced
        s8 saturation=0,brightness=0,contrast=0;
main.c: 23 warnings, 0 errors
linking...
Program Size: Code=32150 RO-data=6926 RW-data=7032 ZI-data=3072  
FromELF: creating hex file...
"..\OBJ\OV7725_OV7670.axf" - 0 Error(s), 23 Warning(s).

<h2>Collection of Component include folders:</h2>
  E:\STM32F103ZET车牌识别\USER\RTE
  F:\Keil_v5\ARM\PACK\Keil\STM32F1xx_DFP\1.1.0\Device\Include

<h2>Collection of Component Files used:</h2>
</pre>
</body>
</html>
