Component: ARM Compiler 5.05 update 2 (build 169) Tool: armlink [4d0f33]

==============================================================================

Section Cross References

    main.o(i.ChangePoint_Analysis_240) refers to lcd.o(i.LCD_DrawPoint) for LCD_DrawPoint
    main.o(i.ChangePoint_Analysis_240) refers to main.o(.data) for .data
    main.o(i.ChangePoint_Analysis_240) refers to main.o(.bss) for .bss
    main.o(i.ChangePoint_Analysis_240) refers to lcd.o(.data) for POINT_COLOR
    main.o(i.ChangePoint_Analysis_320) refers to lcd.o(i.LCD_ReadPoint) for LCD_ReadPoint
    main.o(i.ChangePoint_Analysis_320) refers to lcd.o(i.LCD_DrawPoint) for LCD_DrawPoint
    main.o(i.ChangePoint_Analysis_320) refers to main.o(.data) for .data
    main.o(i.ChangePoint_Analysis_320) refers to main.o(.bss) for .bss
    main.o(i.ChangePoint_Analysis_320) refers to lcd.o(.data) for POINT_COLOR
    main.o(i.ChangePoint_Analysis_Blue) refers to lcd.o(i.LCD_ReadPoint) for LCD_ReadPoint
    main.o(i.ChangePoint_Analysis_Blue) refers to main.o(i.RGB_HSV) for RGB_HSV
    main.o(i.ChangePoint_Analysis_Blue) refers to lcd.o(i.LCD_DrawPoint) for LCD_DrawPoint
    main.o(i.ChangePoint_Analysis_Blue) refers to main.o(.data) for .data
    main.o(i.ChangePoint_Analysis_Blue) refers to lcd.o(.data) for POINT_COLOR
    main.o(i.ChangePoint_Show_240) refers to lcd.o(i.LCD_DrawPoint) for LCD_DrawPoint
    main.o(i.ChangePoint_Show_240) refers to lcd.o(.data) for POINT_COLOR
    main.o(i.ChangePoint_Show_240) refers to main.o(.bss) for .bss
    main.o(i.ChangePoint_Show_320) refers to lcd.o(i.LCD_DrawPoint) for LCD_DrawPoint
    main.o(i.ChangePoint_Show_320) refers to lcd.o(.data) for POINT_COLOR
    main.o(i.ChangePoint_Show_320) refers to main.o(.bss) for .bss
    main.o(i.Data_LCD_ColorChange) refers to _printf_percent.o(.ARM.Collect$$_printf_percent$$00000000) for _printf_percent
    main.o(i.Data_LCD_ColorChange) refers to _printf_d.o(.ARM.Collect$$_printf_percent$$00000009) for _printf_d
    main.o(i.Data_LCD_ColorChange) refers to _printf_dec.o(.text) for _printf_int_dec
    main.o(i.Data_LCD_ColorChange) refers to lcd.o(i.LCD_Scan_Dir) for LCD_Scan_Dir
    main.o(i.Data_LCD_ColorChange) refers to lcd.o(i.LCD_Set_Window) for LCD_Set_Window
    main.o(i.Data_LCD_ColorChange) refers to lcd.o(i.LCD_WriteRAM_Prepare) for LCD_WriteRAM_Prepare
    main.o(i.Data_LCD_ColorChange) refers to stm32f10x_gpio.o(i.GPIO_ReadInputDataBit) for GPIO_ReadInputDataBit
    main.o(i.Data_LCD_ColorChange) refers to main.o(i.ChangePoint_Show_240) for ChangePoint_Show_240
    main.o(i.Data_LCD_ColorChange) refers to main.o(i.ChangePoint_Analysis_240) for ChangePoint_Analysis_240
    main.o(i.Data_LCD_ColorChange) refers to main.o(i.ChangePoint_Analysis_Blue) for ChangePoint_Analysis_Blue
    main.o(i.Data_LCD_ColorChange) refers to main.o(i.ChangePoint_Analysis_320) for ChangePoint_Analysis_320
    main.o(i.Data_LCD_ColorChange) refers to main.o(i.ChangePoint_Show_320) for ChangePoint_Show_320
    main.o(i.Data_LCD_ColorChange) refers to main.o(i.ZhiFuFenGe) for ZhiFuFenGe
    main.o(i.Data_LCD_ColorChange) refers to noretval__2printf.o(.text) for __2printf
    main.o(i.Data_LCD_ColorChange) refers to main.o(i.ZhiFuShiBie) for ZhiFuShiBie
    main.o(i.Data_LCD_ColorChange) refers to lcd.o(i.LCD_Clear) for LCD_Clear
    main.o(i.Data_LCD_ColorChange) refers to lcd.o(i.LCD_ShowChar) for LCD_ShowChar
    main.o(i.Data_LCD_ColorChange) refers to delay.o(i.delay_ms) for delay_ms
    main.o(i.Data_LCD_ColorChange) refers to main.o(.bss) for .bss
    main.o(i.Data_LCD_ColorChange) refers to main.o(.data) for .data
    main.o(i.Data_LCD_ColorChange_Test) refers to lcd.o(i.LCD_Scan_Dir) for LCD_Scan_Dir
    main.o(i.Data_LCD_ColorChange_Test) refers to lcd.o(i.LCD_Set_Window) for LCD_Set_Window
    main.o(i.Data_LCD_ColorChange_Test) refers to lcd.o(i.LCD_WriteRAM_Prepare) for LCD_WriteRAM_Prepare
    main.o(i.Data_LCD_ColorChange_Test) refers to stm32f10x_gpio.o(i.GPIO_ReadInputDataBit) for GPIO_ReadInputDataBit
    main.o(i.Data_LCD_ColorChange_Test) refers to main.o(i.ChangePoint_Show_240) for ChangePoint_Show_240
    main.o(i.Data_LCD_ColorChange_Test) refers to main.o(i.ChangePoint_Analysis_240) for ChangePoint_Analysis_240
    main.o(i.Data_LCD_ColorChange_Test) refers to main.o(.bss) for .bss
    main.o(i.Data_LCD_ColorChange_Test) refers to main.o(.data) for .data
    main.o(i.GuiYi) refers to lcd.o(i.LCD_ReadPoint) for LCD_ReadPoint
    main.o(i.GuiYi) refers to lcd.o(i.LCD_DrawPoint) for LCD_DrawPoint
    main.o(i.GuiYi) refers to delay.o(i.delay_ms) for delay_ms
    main.o(i.GuiYi) refers to main.o(.data) for .data
    main.o(i.GuiYi) refers to lcd.o(.data) for POINT_COLOR
    main.o(i.MoShiShiBie_All) refers to lcd.o(i.LCD_ShowNum) for LCD_ShowNum
    main.o(i.MoShiShiBie_All) refers to main.o(.bss) for .bss
    main.o(i.MoShiShiBie_All) refers to string.o(.data) for Table
    main.o(i.PA8_in) refers to stm32f10x_gpio.o(i.GPIO_Init) for GPIO_Init
[...]
    .text                                    0x0800063e   Section        0  _printf_char.o(.text)
    .text                                    0x0800066c   Section        0  _printf_char_file.o(.text)
    .text                                    0x08000690   Section        0  _printf_char_common.o(.text)
    _printf_input_char                       0x08000691   Thumb Code    10  _printf_char_common.o(.text)
    .text                                    0x080006c0   Section        0  ferror.o(.text)
    .text                                    0x080006c8   Section       74  sys_stackheap_outer.o(.text)
    .text                                    0x08000712   Section        0  exit.o(.text)
    .text                                    0x08000720   Section        8  libspace.o(.text)
    i.BusFault_Handler                       0x08000728   Section        0  stm32f10x_it.o(i.BusFault_Handler)
    i.ChangePoint_Analysis_240               0x0800072c   Section        0  main.o(i.ChangePoint_Analysis_240)
    i.ChangePoint_Analysis_320               0x080007f4   Section        0  main.o(i.ChangePoint_Analysis_320)
    i.ChangePoint_Analysis_Blue              0x0800091c   Section        0  main.o(i.ChangePoint_Analysis_Blue)
    i.ChangePoint_Show_240                   0x080009fc   Section        0  main.o(i.ChangePoint_Show_240)
    i.ChangePoint_Show_320                   0x08000a64   Section        0  main.o(i.ChangePoint_Show_320)
    i.Data_LCD_ColorChange                   0x08000a98   Section        0  main.o(i.Data_LCD_ColorChange)
    i.Data_LCD_ColorChange_Test              0x08000d0c   Section        0  main.o(i.Data_LCD_ColorChange_Test)
    i.DebugMon_Handler                       0x08000e60   Section        0  stm32f10x_it.o(i.DebugMon_Handler)
    i.EXTI0_IRQHandler                       0x08000e64   Section        0  exti.o(i.EXTI0_IRQHandler)
    i.EXTI2_IRQHandler                       0x08000e9c   Section        0  exti.o(i.EXTI2_IRQHandler)
    i.EXTI3_IRQHandler                       0x08000ed4   Section        0  exti.o(i.EXTI3_IRQHandler)
    i.EXTI4_IRQHandler                       0x08000f0c   Section        0  exti.o(i.EXTI4_IRQHandler)
    i.EXTI9_5_IRQHandler                     0x08000f44   Section        0  exti.o(i.EXTI9_5_IRQHandler)
    i.EXTI_ClearITPendingBit                 0x08000f8c   Section        0  stm32f10x_exti.o(i.EXTI_ClearITPendingBit)
    i.EXTI_GetITStatus                       0x08000f98   Section        0  stm32f10x_exti.o(i.EXTI_GetITStatus)
    i.FSMC_NORSRAMCmd                        0x08000fb8   Section        0  stm32f10x_fsmc.o(i.FSMC_NORSRAMCmd)
    i.FSMC_NORSRAMInit                       0x08000fd8   Section        0  stm32f10x_fsmc.o(i.FSMC_NORSRAMInit)
    i.GPIO_Init                              0x080010a0   Section        0  stm32f10x_gpio.o(i.GPIO_Init)
    i.GPIO_PinRemapConfig                    0x0800113c   Section        0  stm32f10x_gpio.o(i.GPIO_PinRemapConfig)
    i.GPIO_ReadInputDataBit                  0x08001194   Section        0  stm32f10x_gpio.o(i.GPIO_ReadInputDataBit)
    i.GPIO_SetBits                           0x080011a2   Section        0  stm32f10x_gpio.o(i.GPIO_SetBits)
    i.GuiYi                                  0x080011a8   Section        0  main.o(i.GuiYi)
    i.HardFault_Handler                      0x080014dc   Section        0  stm32f10x_it.o(i.HardFault_Handler)
    i.KEY_Init                               0x080014e0   Section        0  key.o(i.KEY_Init)
    i.LCD_BGR2RGB                            0x0800151c   Section        0  lcd.o(i.LCD_BGR2RGB)
    i.LCD_Clear                              0x08001530   Section        0  lcd.o(i.LCD_Clear)
    i.LCD_Display_Dir                        0x0800159c   Section        0  lcd.o(i.LCD_Display_Dir)
    i.LCD_DrawPoint                          0x080016d0   Section        0  lcd.o(i.LCD_DrawPoint)
    i.LCD_Fast_DrawPoint                     0x080016ec   Section        0  lcd.o(i.LCD_Fast_DrawPoint)
    i.LCD_Init                               0x08001808   Section        0  lcd.o(i.LCD_Init)
    i.LCD_Pow                                0x08004618   Section        0  lcd.o(i.LCD_Pow)
    i.LCD_RD_DATA                            0x08004628   Section        0  lcd.o(i.LCD_RD_DATA)
    i.LCD_ReadPoint                          0x0800463c   Section        0  lcd.o(i.LCD_ReadPoint)
    i.LCD_ReadReg                            0x08004744   Section        0  lcd.o(i.LCD_ReadReg)
    i.LCD_SSD_BackLightSet                   0x0800475c   Section        0  lcd.o(i.LCD_SSD_BackLightSet)
    i.LCD_Scan_Dir                           0x08004798   Section        0  lcd.o(i.LCD_Scan_Dir)
    i.LCD_SetCursor                          0x08004940   Section        0  lcd.o(i.LCD_SetCursor)
    i.LCD_Set_Window                         0x08004a88   Section        0  lcd.o(i.LCD_Set_Window)
    i.LCD_ShowChar                           0x08004c04   Section        0  lcd.o(i.LCD_ShowChar)
    i.LCD_ShowNum                            0x08004cd0   Section        0  lcd.o(i.LCD_ShowNum)
    i.LCD_ShowString                         0x08004d46   Section        0  lcd.o(i.LCD_ShowString)
    i.LCD_WriteRAM_Prepare                   0x08004d9c   Section        0  lcd.o(i.LCD_WriteRAM_Prepare)
    i.LCD_WriteReg                           0x08004db0   Section        0  lcd.o(i.LCD_WriteReg)
    i.LED_Init                               0x08004dc0   Section        0  led.o(i.LED_Init)
    i.MemManage_Handler                      0x08004e10   Section        0  stm32f10x_it.o(i.MemManage_Handler)
    i.MoShiShiBie_All                        0x08004e14   Section        0  main.o(i.MoShiShiBie_All)
    i.NMI_Handler                            0x08004ec0   Section        0  stm32f10x_it.o(i.NMI_Handler)
    i.NVIC_Init                              0x08004ec4   Section        0  misc.o(i.NVIC_Init)
    i.NVIC_PriorityGroupConfig               0x08004f28   Section        0  misc.o(i.NVIC_PriorityGroupConfig)
    i.OV7670_Window_Set                      0x08004f3c   Section        0  ov7670.o(i.OV7670_Window_Set)
    i.OV7725_Init                            0x08004fac   Section        0  ov7725.o(i.OV7725_Init)
    i.OV7725_Window_Set                      0x08005108   Section        0  ov7725.o(i.OV7725_Window_Set)
    i.PA8_in                                 0x08005250   Section        0  main.o(i.PA8_in)
    i.PendSV_Handler                         0x08005274   Section        0  stm32f10x_it.o(i.PendSV_Handler)
    i.Picture_String                         0x08005278   Section        0  main.o(i.Picture_String)
    i.RCC_AHBPeriphClockCmd                  0x080052e4   Section        0  stm32f10x_rcc.o(i.RCC_AHBPeriphClockCmd)
    i.RCC_APB1PeriphClockCmd                 0x080052fc   Section        0  stm32f10x_rcc.o(i.RCC_APB1PeriphClockCmd)
    i.RCC_APB2PeriphClockCmd                 0x08005314   Section        0  stm32f10x_rcc.o(i.RCC_APB2PeriphClockCmd)
    i.RCC_GetClocksFreq                      0x0800532c   Section        0  stm32f10x_rcc.o(i.RCC_GetClocksFreq)
    i.RGB_HSV                                0x080053c0   Section        0  main.o(i.RGB_HSV)
    i.SCCB_Init                              0x08005508   Section        0  sccb.o(i.SCCB_Init)
    i.SCCB_No_Ack                            0x08005574   Section        0  sccb.o(i.SCCB_No_Ack)
    i.SCCB_RD_Byte                           0x080055b8   Section        0  sccb.o(i.SCCB_RD_Byte)
    i.SCCB_RD_Reg                            0x0800562c   Section        0  sccb.o(i.SCCB_RD_Reg)
    i.SCCB_Start                             0x08005678   Section        0  sccb.o(i.SCCB_Start)
    i.SCCB_Stop                              0x080056ac   Section        0  sccb.o(i.SCCB_Stop)
    i.SCCB_WR_Byte                           0x080056e4   Section        0  sccb.o(i.SCCB_WR_Byte)
    i.SCCB_WR_Reg                            0x08005774   Section        0  sccb.o(i.SCCB_WR_Reg)
    i.SVC_Handler                            0x080057b2   Section        0  stm32f10x_it.o(i.SVC_Handler)
    i.SetSysClockTo72                        0x080057b4   Section        0  system_stm32f10x.o(i.SetSysClockTo72)
    SetSysClockTo72                          0x080057b5   Thumb Code   160  system_stm32f10x.o(i.SetSysClockTo72)
    i.SysTick_CLKSourceConfig                0x0800585c   Section        0  misc.o(i.SysTick_CLKSourceConfig)
    i.SysTick_Handler                        0x08005874   Section        0  stm32f10x_it.o(i.SysTick_Handler)
    i.SystemInit                             0x08005878   Section        0  system_stm32f10x.o(i.SystemInit)
    i.TIM3_IRQHandler                        0x080058c8   Section        0  timer.o(i.TIM3_IRQHandler)
    i.TIM4_IRQHandler                        0x080058fc   Section        0  usmart.o(i.TIM4_IRQHandler)
    i.TIM5_IRQHandler                        0x08005938   Section        0  timer.o(i.TIM5_IRQHandler)
    i.TIM6_IRQHandler                        0x080059c0   Section        0  timer.o(i.TIM6_IRQHandler)
    i.TIM_ClearFlag                          0x08005a00   Section        0  stm32f10x_tim.o(i.TIM_ClearFlag)
    i.TIM_ClearITPendingBit                  0x08005a06   Section        0  stm32f10x_tim.o(i.TIM_ClearITPendingBit)
    i.TIM_Cmd                                0x08005a0c   Section        0  stm32f10x_tim.o(i.TIM_Cmd)
    i.TIM_GetCapture1                        0x08005a20   Section        0  stm32f10x_tim.o(i.TIM_GetCapture1)
    i.TIM_GetCounter                         0x08005a24   Section        0  stm32f10x_tim.o(i.TIM_GetCounter)
    i.TIM_GetFlagStatus                      0x08005a28   Section        0  stm32f10x_tim.o(i.TIM_GetFlagStatus)
    i.TIM_GetITStatus                        0x08005a36   Section        0  stm32f10x_tim.o(i.TIM_GetITStatus)
    i.TIM_ITConfig                           0x08005a4e   Section        0  stm32f10x_tim.o(i.TIM_ITConfig)
    i.TIM_OC1PolarityConfig                  0x08005a5e   Section        0  stm32f10x_tim.o(i.TIM_OC1PolarityConfig)
    i.TIM_SetAutoreload                      0x08005a6a   Section        0  stm32f10x_tim.o(i.TIM_SetAutoreload)
    i.TIM_SetCounter                         0x08005a6e   Section        0  stm32f10x_tim.o(i.TIM_SetCounter)
    i.TIM_TimeBaseInit                       0x08005a74   Section        0  stm32f10x_tim.o(i.TIM_TimeBaseInit)
    i.Timer4_Init                            0x08005b10   Section        0  usmart.o(i.Timer4_Init)
    i.USART1_IRQHandler                      0x08005b70   Section        0  usart.o(i.USART1_IRQHandler)
    i.USART_Cmd                              0x08005bd4   Section        0  stm32f10x_usart.o(i.USART_Cmd)
    i.USART_GetITStatus                      0x08005be8   Section        0  stm32f10x_usart.o(i.USART_GetITStatus)
    i.USART_ITConfig                         0x08005c26   Section        0  stm32f10x_usart.o(i.USART_ITConfig)
    i.USART_Init                             0x08005c58   Section        0  stm32f10x_usart.o(i.USART_Init)
    i.USART_ReceiveData                      0x08005d04   Section        0  stm32f10x_usart.o(i.USART_ReceiveData)
    i.UsageFault_Handler                     0x08005d0c   Section        0  stm32f10x_it.o(i.UsageFault_Handler)
    i.WordShow                               0x08005d10   Section        0  main.o(i.WordShow)
    i.ZhiFuFenGe                             0x08005e08   Section        0  main.o(i.ZhiFuFenGe)
    i.ZhiFuShiBie                            0x08005e8c   Section        0  main.o(i.ZhiFuShiBie)
    i._is_digit                              0x08006380   Section        0  __printf_wp.o(i._is_digit)
    i._sys_exit                              0x0800638e   Section        0  usart.o(i._sys_exit)
    i.delay_init                             0x08006390   Section        0  delay.o(i.delay_init)
    i.delay_ms                               0x080063cc   Section        0  delay.o(i.delay_ms)
    i.delay_us                               0x08006400   Section        0  delay.o(i.delay_us)
    i.fputc                                  0x08006434   Section        0  usart.o(i.fputc)
    i.main                                   0x0800644c   Section        0  main.o(i.main)
    i.read_addr                              0x08006678   Section        0  usmart.o(i.read_addr)
    i.uart_init                              0x0800667c   Section        0  usart.o(i.uart_init)
    i.usmart_cmd_rec                         0x0800671c   Section        0  usmart.o(i.usmart_cmd_rec)
    i.usmart_exe                             0x080067b0   Section        0  usmart.o(i.usmart_exe)
    i.usmart_get_aparm                       0x08006a10   Section        0  usmart_str.o(i.usmart_get_aparm)
    i.usmart_get_cmdname                     0x08006aac   Section        0  usmart_str.o(i.usmart_get_cmdname)
    i.usmart_get_fname                       0x08006adc   Section        0  usmart_str.o(i.usmart_get_fname)
    i.usmart_get_fparam                      0x08006c44   Section        0  usmart_str.o(i.usmart_get_fparam)
    i.usmart_get_parmpos                     0x08006d14   Section        0  usmart_str.o(i.usmart_get_parmpos)
    i.usmart_get_runtime                     0x08006d38   Section        0  usmart.o(i.usmart_get_runtime)
    i.usmart_init                            0x08006d70   Section        0  usmart.o(i.usmart_init)
    i.usmart_pow                             0x08006d98   Section        0  usmart_str.o(i.usmart_pow)
    i.usmart_reset_runtime                   0x08006da8   Section        0  usmart.o(i.usmart_reset_runtime)
    i.usmart_scan                            0x08006dd8   Section        0  usmart.o(i.usmart_scan)
    i.usmart_search_nextc                    0x08006e7c   Section        0  usmart_str.o(i.usmart_search_nextc)
    i.usmart_str2num                         0x08006e8c   Section        0  usmart_str.o(i.usmart_str2num)
    i.usmart_strcmp                          0x08006f2c   Section        0  usmart_str.o(i.usmart_strcmp)
    i.usmart_strcopy                         0x08006f44   Section        0  usmart_str.o(i.usmart_strcopy)
    i.usmart_strlen                          0x08006f56   Section        0  usmart_str.o(i.usmart_strlen)
    i.usmart_sys_cmd_exe                     0x08006f68   Section        0  usmart.o(i.usmart_sys_cmd_exe)
    i.write_addr                             0x080075d8   Section        0  usmart.o(i.write_addr)
    x$fpl$dfixu                              0x080075dc   Section       90  dfixu.o(x$fpl$dfixu)
    x$fpl$dfltu                              0x08007636   Section       38  dflt_clz.o(x$fpl$dfltu)
    x$fpl$dmul                               0x0800765c   Section      340  dmul.o(x$fpl$dmul)
    x$fpl$dnaninf                            0x080077b0   Section      156  dnaninf.o(x$fpl$dnaninf)
    x$fpl$dretinf                            0x0800784c   Section       12  dretinf.o(x$fpl$dretinf)
    x$fpl$fadd                               0x08007858   Section      196  faddsub_clz.o(x$fpl$fadd)
    _fadd1                                   0x08007867   Thumb Code     0  faddsub_clz.o(x$fpl$fadd)
    x$fpl$fcmpinf                            0x0800791c   Section       24  fcmpi.o(x$fpl$fcmpinf)
    x$fpl$fdiv                               0x08007934   Section      388  fdiv.o(x$fpl$fdiv)
    _fdiv1                                   0x08007935   Thumb Code     0  fdiv.o(x$fpl$fdiv)
    x$fpl$feqf                               0x08007ab8   Section      104  feqf.o(x$fpl$feqf)
    x$fpl$fflt                               0x08007b20   Section       48  fflt_clz.o(x$fpl$fflt)
    x$fpl$ffltu                              0x08007b50   Section       38  fflt_clz.o(x$fpl$ffltu)
    x$fpl$fleqf                              0x08007b78   Section      104  fleqf.o(x$fpl$fleqf)
    x$fpl$fmul                               0x08007be0   Section      258  fmul.o(x$fpl$fmul)
    x$fpl$fnaninf                            0x08007ce2   Section      140  fnaninf.o(x$fpl$fnaninf)
    x$fpl$fretinf                            0x08007d6e   Section       10  fretinf.o(x$fpl$fretinf)
    x$fpl$frleqf                             0x08007d78   Section       98  frleqf.o(x$fpl$frleqf)
    x$fpl$fsub                               0x08007ddc   Section      234  faddsub_clz.o(x$fpl$fsub)
    _fsub1                                   0x08007deb   Thumb Code     0  faddsub_clz.o(x$fpl$fsub)
    .constdata                               0x08007ec6   Section     6080  lcd.o(.constdata)
    x$fpl$usenofp                            0x08007ec6   Section        0  usenofp.o(x$fpl$usenofp)
    .constdata                               0x08009686   Section      130  ov7725.o(.constdata)
    .constdata                               0x08009708   Section       40  _printf_hex_int.o(.constdata)
    uc_hextab                                0x08009708   Data          20  _printf_hex_int.o(.constdata)
    lc_hextab                                0x0800971c   Data          20  _printf_hex_int.o(.constdata)
    .constdata                               0x08009730   Section       17  __printf_flags_ss_wp.o(.constdata)
    maptable                                 0x08009730   Data          17  __printf_flags_ss_wp.o(.constdata)
    .conststring                             0x08009744   Section       40  usmart.o(.conststring)
    .conststring                             0x0800976c   Section      279  usmart_config.o(.conststring)
    .data                                    0x20000000   Section      143  main.o(.data)
    .data                                    0x20000090   Section       20  system_stm32f10x.o(.data)
    .data                                    0x200000a4   Section        4  lcd.o(.data)
    .data                                    0x200000a8   Section        1  exti.o(.data)
    .data                                    0x200000aa   Section        4  timer.o(.data)
    .data                                    0x200000ae   Section       32  string.o(.data)
    .data                                    0x200000ce   Section       32  string.o(.data)
    .data                                    0x200000ee   Section       32  string.o(.data)
    .data                                    0x2000010e   Section       32  string.o(.data)
    .data                                    0x2000012e   Section       32  string.o(.data)
    .data                                    0x2000014e   Section       32  string.o(.data)
    .data                                    0x2000016e   Section     6300  string.o(.data)
    .data                                    0x20001a0a   Section        4  delay.o(.data)
    fac_us                                   0x20001a0a   Data           1  delay.o(.data)
    fac_ms                                   0x20001a0c   Data           2  delay.o(.data)
    .data                                    0x20001a0e   Section        2  usart.o(.data)
    .data                                    0x20001a10   Section        4  usart.o(.data)
    .data                                    0x20001a14   Section       20  stm32f10x_rcc.o(.data)
    ADCPrescTable                            0x20001a14   Data           4  stm32f10x_rcc.o(.data)
    APBAHBPrescTable                         0x20001a18   Data          16  stm32f10x_rcc.o(.data)
    .data                                    0x20001a28   Section       28  usmart.o(.data)
    .data                                    0x20001a44   Section       64  usmart_config.o(.data)
    .data                                    0x20001a84   Section      244  usmart_config.o(.data)
    .bss                                     0x20001b78   Section      710  main.o(.bss)
    .bss                                     0x20001e3e   Section       14  lcd.o(.bss)
    .bss                                     0x20001e4c   Section      200  usart.o(.bss)
    .bss                                     0x20001f14   Section       96  libspace.o(.bss)
    HEAP                                     0x20001f78   Section        0  startup_stm32f10x_hd.o(HEAP)
    STACK                                    0x20001f78   Section     2048  startup_stm32f10x_hd.o(STACK)
    Heap_Mem                                 0x20001f78   Data           0  startup_stm32f10x_hd.o(HEAP)
    Stack_Mem                                0x20001f78   Data        2048  startup_stm32f10x_hd.o(STACK)
    __initial_sp                             0x20002778   Data           0  startup_stm32f10x_hd.o(STACK)

    Global Symbols

    Symbol Name                              Value     Ov Type        Size  Object(Section)

    BuildAttributes$$THM_ISAv4$P$D$K$B$S$PE$A:L22UL41UL21$X:L11$S22US41US21$IEEE1$IW$USESV6$~STKCKD$USESV7$~SHL$OSPACE$ROPI$EBA8$UX$STANDARDLIB$REQ8$PRES8$EABIv2 0x00000000   Number         0  anon$$obj.o ABSOLUTE
    __ARM_use_no_argv                        0x00000000   Number         0  main.o ABSOLUTE
    _printf_flags                            0x00000000   Number         0  printf_stubs.o ABSOLUTE
    _printf_return_value                     0x00000000   Number         0  printf_stubs.o ABSOLUTE
    _printf_sizespec                         0x00000000   Number         0  printf_stubs.o ABSOLUTE
    _printf_widthprec                        0x00000000   Number         0  printf_stubs.o ABSOLUTE
    __ARM_exceptions_init                     - Undefined Weak Reference
    __alloca_initialize                       - Undefined Weak Reference
    __arm_preinit_                            - Undefined Weak Reference
    __cpp_initialize__aeabi_                  - Undefined Weak Reference
    __cxa_finalize                            - Undefined Weak Reference
    __rt_locale                               - Undefined Weak Reference
    __sigvec_lookup                           - Undefined Weak Reference
    _atexit_init                              - Undefined Weak Reference
    _call_atexit_fns                          - Undefined Weak Reference
    _clock_init                               - Undefined Weak Reference
    _fp_trap_init                             - Undefined Weak Reference
    _fp_trap_shutdown                         - Undefined Weak Reference
    _get_lc_collate                           - Undefined Weak Reference
    _get_lc_ctype                             - Undefined Weak Reference
    _get_lc_monetary                          - Undefined Weak Reference
    _get_lc_numeric                           - Undefined Weak Reference
    _get_lc_time                              - Undefined Weak Reference
    _getenv_init                              - Undefined Weak Reference
    _handle_redirection                       - Undefined Weak Reference
    _init_alloc                               - Undefined Weak Reference
    _init_user_alloc                          - Undefined Weak Reference
    _initio                                   - Undefined Weak Reference
    _mutex_acquire                            - Undefined Weak Reference
    _mutex_release                            - Undefined Weak Reference
    _printf_mbtowc                            - Undefined Weak Reference
    _printf_truncate_signed                   - Undefined Weak Reference
    _printf_truncate_unsigned                 - Undefined Weak Reference
    _rand_init                                - Undefined Weak Reference
    _signal_finish                            - Undefined Weak Reference
    _signal_init                              - Undefined Weak Reference
    _terminate_alloc                          - Undefined Weak Reference
    _terminate_user_alloc                     - Undefined Weak Reference
    _terminateio                              - Undefined Weak Reference
    __Vectors_Size                           0x00000130   Number         0  startup_stm32f10x_hd.o ABSOLUTE
    __Vectors                                0x08000000   Data           4  startup_stm32f10x_hd.o(RESET)
    __Vectors_End                            0x08000130   Data           0  startup_stm32f10x_hd.o(RESET)
    __main                                   0x08000131   Thumb Code     8  __main.o(!!!main)
    __scatterload                            0x08000139   Thumb Code     0  __scatter.o(!!!scatter)
    __scatterload_rt2                        0x08000139   Thumb Code    44  __scatter.o(!!!scatter)
    __scatterload_rt2_thumb_only             0x08000139   Thumb Code     0  __scatter.o(!!!scatter)
    __scatterload_null                       0x08000147   Thumb Code     0  __scatter.o(!!!scatter)
    __decompress                             0x0800016d   Thumb Code   100  __dclz77c.o(!!dclz77c)
    __decompress2                            0x0800016d   Thumb Code     0  __dclz77c.o(!!dclz77c)
    __scatterload_zeroinit                   0x080001d1   Thumb Code    28  __scatter_zi.o(!!handler_zi)
    _printf_d                                0x080001ed   Thumb Code     0  _printf_d.o(.ARM.Collect$$_printf_percent$$00000009)
    _printf_percent                          0x080001ed   Thumb Code     0  _printf_percent.o(.ARM.Collect$$_printf_percent$$00000000)
    _printf_u                                0x080001f3   Thumb Code     0  _printf_u.o(.ARM.Collect$$_printf_percent$$0000000A)
    _printf_x                                0x080001f9   Thumb Code     0  _printf_x.o(.ARM.Collect$$_printf_percent$$0000000C)
    _printf_c                                0x080001ff   Thumb Code     0  _printf_c.o(.ARM.Collect$$_printf_percent$$00000013)
    _printf_s                                0x08000205   Thumb Code     0  _printf_s.o(.ARM.Collect$$_printf_percent$$00000014)
    _printf_percent_end                      0x0800020b   Thumb Code     0  _printf_percent_end.o(.ARM.Collect$$_printf_percent$$00000017)
    __rt_lib_init                            0x0800020f   Thumb Code     0  libinit.o(.ARM.Collect$$libinit$$00000000)
    __rt_lib_init_alloca_1                   0x08000211   Thumb Code     0  libinit2.o(.ARM.Collect$$libinit$$0000002E)
    __rt_lib_init_argv_1                     0x08000211   Thumb Code     0  libinit2.o(.ARM.Collect$$libinit$$0000002C)
    __rt_lib_init_atexit_1                   0x08000211   Thumb Code     0  libinit2.o(.ARM.Collect$$libinit$$0000001B)
    __rt_lib_init_clock_1                    0x08000211   Thumb Code     0  libinit2.o(.ARM.Collect$$libinit$$00000021)
    __rt_lib_init_cpp_1                      0x08000211   Thumb Code     0  libinit2.o(.ARM.Collect$$libinit$$00000032)
    __rt_lib_init_exceptions_1               0x08000211   Thumb Code     0  libinit2.o(.ARM.Collect$$libinit$$00000030)
    __rt_lib_init_fp_1                       0x08000211   Thumb Code     0  libinit2.o(.ARM.Collect$$libinit$$00000002)
    __rt_lib_init_fp_trap_1                  0x08000211   Thumb Code     0  libinit2.o(.ARM.Collect$$libinit$$0000001F)
    __rt_lib_init_getenv_1                   0x08000211   Thumb Code     0  libinit2.o(.ARM.Collect$$libinit$$00000023)
    __rt_lib_init_heap_1                     0x08000211   Thumb Code     0  libinit2.o(.ARM.Collect$$libinit$$0000000A)
    __rt_lib_init_lc_collate_1               0x08000211   Thumb Code     0  libinit2.o(.ARM.Collect$$libinit$$00000011)
    __rt_lib_init_lc_ctype_1                 0x08000211   Thumb Code     0  libinit2.o(.ARM.Collect$$libinit$$00000013)
    __rt_lib_init_lc_monetary_1              0x08000211   Thumb Code     0  libinit2.o(.ARM.Collect$$libinit$$00000015)
    __rt_lib_init_lc_numeric_1               0x08000211   Thumb Code     0  libinit2.o(.ARM.Collect$$libinit$$00000017)
    __rt_lib_init_lc_time_1                  0x08000211   Thumb Code     0  libinit2.o(.ARM.Collect$$libinit$$00000019)
    __rt_lib_init_preinit_1                  0x08000211   Thumb Code     0  libinit2.o(.ARM.Collect$$libinit$$00000004)
    __rt_lib_init_rand_1                     0x08000211   Thumb Code     0  libinit2.o(.ARM.Collect$$libinit$$0000000E)
    __rt_lib_init_return                     0x08000211   Thumb Code     0  libinit2.o(.ARM.Collect$$libinit$$00000033)
    __rt_lib_init_signal_1                   0x08000211   Thumb Code     0  libinit2.o(.ARM.Collect$$libinit$$0000001D)
    __rt_lib_init_stdio_1                    0x08000211   Thumb Code     0  libinit2.o(.ARM.Collect$$libinit$$00000025)
    __rt_lib_init_user_alloc_1               0x08000211   Thumb Code     0  libinit2.o(.ARM.Collect$$libinit$$0000000C)
    __rt_lib_shutdown                        0x08000213   Thumb Code     0  libshutdown.o(.ARM.Collect$$libshutdown$$00000000)
    __rt_lib_shutdown_fp_trap_1              0x08000215   Thumb Code     0  libshutdown2.o(.ARM.Collect$$libshutdown$$00000006)
    __rt_lib_shutdown_heap_1                 0x08000215   Thumb Code     0  libshutdown2.o(.ARM.Collect$$libshutdown$$0000000E)
    __rt_lib_shutdown_return                 0x08000215   Thumb Code     0  libshutdown2.o(.ARM.Collect$$libshutdown$$0000000F)
    __rt_lib_shutdown_signal_1               0x08000215   Thumb Code     0  libshutdown2.o(.ARM.Collect$$libshutdown$$00000009)
    __rt_lib_shutdown_stdio_1                0x08000215   Thumb Code     0  libshutdown2.o(.ARM.Collect$$libshutdown$$00000003)
    __rt_lib_shutdown_user_alloc_1           0x08000215   Thumb Code     0  libshutdown2.o(.ARM.Collect$$libshutdown$$0000000B)
    __rt_entry                               0x08000217   Thumb Code     0  __rtentry.o(.ARM.Collect$$rtentry$$00000000)
    __rt_entry_presh_1                       0x08000217   Thumb Code     0  __rtentry2.o(.ARM.Collect$$rtentry$$00000002)
    __rt_entry_sh                            0x08000217   Thumb Code     0  __rtentry4.o(.ARM.Collect$$rtentry$$00000004)
    __rt_entry_li                            0x0800021d   Thumb Code     0  __rtentry2.o(.ARM.Collect$$rtentry$$0000000A)
    __rt_entry_postsh_1                      0x0800021d   Thumb Code     0  __rtentry2.o(.ARM.Collect$$rtentry$$00000009)
    __rt_entry_main                          0x08000221   Thumb Code     0  __rtentry2.o(.ARM.Collect$$rtentry$$0000000D)
    __rt_entry_postli_1                      0x08000221   Thumb Code     0  __rtentry2.o(.ARM.Collect$$rtentry$$0000000C)
    __rt_exit                                0x08000229   Thumb Code     0  rtexit.o(.ARM.Collect$$rtexit$$00000000)
    __rt_exit_ls                             0x0800022b   Thumb Code     0  rtexit2.o(.ARM.Collect$$rtexit$$00000003)
    __rt_exit_prels_1                        0x0800022b   Thumb Code     0  rtexit2.o(.ARM.Collect$$rtexit$$00000002)
    __rt_exit_exit                           0x0800022f   Thumb Code     0  rtexit2.o(.ARM.Collect$$rtexit$$00000004)
    Reset_Handler                            0x08000235   Thumb Code     8  startup_stm32f10x_hd.o(.text)
    ADC1_2_IRQHandler                        0x0800024f   Thumb Code     0  startup_stm32f10x_hd.o(.text)
    ADC3_IRQHandler                          0x0800024f   Thumb Code     0  startup_stm32f10x_hd.o(.text)
    CAN1_RX1_IRQHandler                      0x0800024f   Thumb Code     0  startup_stm32f10x_hd.o(.text)
    CAN1_SCE_IRQHandler                      0x0800024f   Thumb Code     0  startup_stm32f10x_hd.o(.text)
    DMA1_Channel1_IRQHandler                 0x0800024f   Thumb Code     0  startup_stm32f10x_hd.o(.text)
    DMA1_Channel2_IRQHandler                 0x0800024f   Thumb Code     0  startup_stm32f10x_hd.o(.text)
    DMA1_Channel3_IRQHandler                 0x0800024f   Thumb Code     0  startup_stm32f10x_hd.o(.text)
    DMA1_Channel4_IRQHandler                 0x0800024f   Thumb Code     0  startup_stm32f10x_hd.o(.text)
    DMA1_Channel5_IRQHandler                 0x0800024f   Thumb Code     0  startup_stm32f10x_hd.o(.text)
    DMA1_Channel6_IRQHandler                 0x0800024f   Thumb Code     0  startup_stm32f10x_hd.o(.text)
    DMA1_Channel7_IRQHandler                 0x0800024f   Thumb Code     0  startup_stm32f10x_hd.o(.text)
    DMA2_Channel1_IRQHandler                 0x0800024f   Thumb Code     0  startup_stm32f10x_hd.o(.text)
    DMA2_Channel2_IRQHandler                 0x0800024f   Thumb Code     0  startup_stm32f10x_hd.o(.text)
    DMA2_Channel3_IRQHandler                 0x0800024f   Thumb Code     0  startup_stm32f10x_hd.o(.text)
    DMA2_Channel4_5_IRQHandler               0x0800024f   Thumb Code     0  startup_stm32f10x_hd.o(.text)
    EXTI15_10_IRQHandler                     0x0800024f   Thumb Code     0  startup_stm32f10x_hd.o(.text)
    EXTI1_IRQHandler                         0x0800024f   Thumb Code     0  startup_stm32f10x_hd.o(.text)
    FLASH_IRQHandler                         0x0800024f   Thumb Code     0  startup_stm32f10x_hd.o(.text)
    FSMC_IRQHandler                          0x0800024f   Thumb Code     0  startup_stm32f10x_hd.o(.text)
    I2C1_ER_IRQHandler                       0x0800024f   Thumb Code     0  startup_stm32f10x_hd.o(.text)
    I2C1_EV_IRQHandler                       0x0800024f   Thumb Code     0  startup_stm32f10x_hd.o(.text)
    I2C2_ER_IRQHandler                       0x0800024f   Thumb Code     0  startup_stm32f10x_hd.o(.text)
    I2C2_EV_IRQHandler                       0x0800024f   Thumb Code     0  startup_stm32f10x_hd.o(.text)
    PVD_IRQHandler                           0x0800024f   Thumb Code     0  startup_stm32f10x_hd.o(.text)
    RCC_IRQHandler                           0x0800024f   Thumb Code     0  startup_stm32f10x_hd.o(.text)
    RTCAlarm_IRQHandler                      0x0800024f   Thumb Code     0  startup_stm32f10x_hd.o(.text)
    RTC_IRQHandler                           0x0800024f   Thumb Code     0  startup_stm32f10x_hd.o(.text)
    SDIO_IRQHandler                          0x0800024f   Thumb Code     0  startup_stm32f10x_hd.o(.text)
    SPI1_IRQHandler                          0x0800024f   Thumb Code     0  startup_stm32f10x_hd.o(.text)
    SPI2_IRQHandler                          0x0800024f   Thumb Code     0  startup_stm32f10x_hd.o(.text)
    SPI3_IRQHandler                          0x0800024f   Thumb Code     0  startup_stm32f10x_hd.o(.text)
    TAMPER_IRQHandler                        0x0800024f   Thumb Code     0  startup_stm32f10x_hd.o(.text)
    TIM1_BRK_IRQHandler                      0x0800024f   Thumb Code     0  startup_stm32f10x_hd.o(.text)
    TIM1_CC_IRQHandler                       0x0800024f   Thumb Code     0  startup_stm32f10x_hd.o(.text)
    TIM1_TRG_COM_IRQHandler                  0x0800024f   Thumb Code     0  startup_stm32f10x_hd.o(.text)
    TIM1_UP_IRQHandler                       0x0800024f   Thumb Code     0  startup_stm32f10x_hd.o(.text)
    TIM2_IRQHandler                          0x0800024f   Thumb Code     0  startup_stm32f10x_hd.o(.text)
    TIM7_IRQHandler                          0x0800024f   Thumb Code     0  startup_stm32f10x_hd.o(.text)
    TIM8_BRK_IRQHandler                      0x0800024f   Thumb Code     0  startup_stm32f10x_hd.o(.text)
    TIM8_CC_IRQHandler                       0x0800024f   Thumb Code     0  startup_stm32f10x_hd.o(.text)
    TIM8_TRG_COM_IRQHandler                  0x0800024f   Thumb Code     0  startup_stm32f10x_hd.o(.text)
    TIM8_UP_IRQHandler                       0x0800024f   Thumb Code     0  startup_stm32f10x_hd.o(.text)
    UART4_IRQHandler                         0x0800024f   Thumb Code     0  startup_stm32f10x_hd.o(.text)
    UART5_IRQHandler                         0x0800024f   Thumb Code     0  startup_stm32f10x_hd.o(.text)
    USART2_IRQHandler                        0x0800024f   Thumb Code     0  startup_stm32f10x_hd.o(.text)
    USART3_IRQHandler                        0x0800024f   Thumb Code     0  startup_stm32f10x_hd.o(.text)
    USBWakeUp_IRQHandler                     0x0800024f   Thumb Code     0  startup_stm32f10x_hd.o(.text)
    USB_HP_CAN1_TX_IRQHandler                0x0800024f   Thumb Code     0  startup_stm32f10x_hd.o(.text)
    USB_LP_CAN1_RX0_IRQHandler               0x0800024f   Thumb Code     0  startup_stm32f10x_hd.o(.text)
    WWDG_IRQHandler                          0x0800024f   Thumb Code     0  startup_stm32f10x_hd.o(.text)
    __user_initial_stackheap                 0x08000251   Thumb Code     0  startup_stm32f10x_hd.o(.text)
    __use_no_semihosting                     0x08000271   Thumb Code     2  use_no_semi_2.o(.text)
    __2printf                                0x08000275   Thumb Code    20  noretval__2printf.o(.text)
    _printf_pre_padding                      0x0800028d   Thumb Code    44  _printf_pad.o(.text)
    _printf_post_padding                     0x080002b9   Thumb Code    34  _printf_pad.o(.text)
    _printf_str                              0x080002db   Thumb Code    82  _printf_str.o(.text)
    _printf_int_dec                          0x0800032d   Thumb Code   104  _printf_dec.o(.text)
    _printf_int_hex                          0x080003a5   Thumb Code    84  _printf_hex_int.o(.text)
    _printf_longlong_hex                     0x080003a5   Thumb Code     0  _printf_hex_int.o(.text)
    __printf                                 0x080003fd   Thumb Code   388  __printf_flags_ss_wp.o(.text)
    __use_two_region_memory                  0x08000585   Thumb Code     2  heapauxi.o(.text)
    __rt_heap_escrow$2region                 0x08000587   Thumb Code     2  heapauxi.o(.text)
    __rt_heap_expand$2region                 0x08000589   Thumb Code     2  heapauxi.o(.text)
    __I$use$semihosting                      0x0800058b   Thumb Code     0  use_no_semi.o(.text)
    __use_no_semihosting_swi                 0x0800058b   Thumb Code     2  use_no_semi.o(.text)
    _printf_int_common                       0x0800058d   Thumb Code   178  _printf_intcommon.o(.text)
    _printf_cs_common                        0x0800063f   Thumb Code    20  _printf_char.o(.text)
    _printf_char                             0x08000653   Thumb Code    16  _printf_char.o(.text)
    _printf_string                           0x08000663   Thumb Code     8  _printf_char.o(.text)
    _printf_char_file                        0x0800066d   Thumb Code    32  _printf_char_file.o(.text)
    _printf_char_common                      0x0800069b   Thumb Code    32  _printf_char_common.o(.text)
    ferror                                   0x080006c1   Thumb Code     8  ferror.o(.text)
    __user_setup_stackheap                   0x080006c9   Thumb Code    74  sys_stackheap_outer.o(.text)
    exit                                     0x08000713   Thumb Code    12  exit.o(.text)
    __user_libspace                          0x08000721   Thumb Code     8  libspace.o(.text)
    __user_perproc_libspace                  0x08000721   Thumb Code     0  libspace.o(.text)
    __user_perthread_libspace                0x08000721   Thumb Code     0  libspace.o(.text)
    BusFault_Handler                         0x08000729   Thumb Code     2  stm32f10x_it.o(i.BusFault_Handler)
    ChangePoint_Analysis_240                 0x0800072d   Thumb Code   188  main.o(i.ChangePoint_Analysis_240)
    ChangePoint_Analysis_320                 0x080007f5   Thumb Code   282  main.o(i.ChangePoint_Analysis_320)
    ChangePoint_Analysis_Blue                0x0800091d   Thumb Code   192  main.o(i.ChangePoint_Analysis_Blue)
    ChangePoint_Show_240                     0x080009fd   Thumb Code    96  main.o(i.ChangePoint_Show_240)
    ChangePoint_Show_320                     0x08000a65   Thumb Code    42  main.o(i.ChangePoint_Show_320)
    Data_LCD_ColorChange                     0x08000a99   Thumb Code   570  main.o(i.Data_LCD_ColorChange)
    Data_LCD_ColorChange_Test                0x08000d0d   Thumb Code   302  main.o(i.Data_LCD_ColorChange_Test)
    DebugMon_Handler                         0x08000e61   Thumb Code     2  stm32f10x_it.o(i.DebugMon_Handler)
    EXTI0_IRQHandler                         0x08000e65   Thumb Code    48  exti.o(i.EXTI0_IRQHandler)
    EXTI2_IRQHandler                         0x08000e9d   Thumb Code    46  exti.o(i.EXTI2_IRQHandler)
    EXTI3_IRQHandler                         0x08000ed5   Thumb Code    46  exti.o(i.EXTI3_IRQHandler)
    EXTI4_IRQHandler                         0x08000f0d   Thumb Code    46  exti.o(i.EXTI4_IRQHandler)
    EXTI9_5_IRQHandler                       0x08000f45   Thumb Code    60  exti.o(i.EXTI9_5_IRQHandler)
    EXTI_ClearITPendingBit                   0x08000f8d   Thumb Code     6  stm32f10x_exti.o(i.EXTI_ClearITPendingBit)
    EXTI_GetITStatus                         0x08000f99   Thumb Code    28  stm32f10x_exti.o(i.EXTI_GetITStatus)
    FSMC_NORSRAMCmd                          0x08000fb9   Thumb Code    26  stm32f10x_fsmc.o(i.FSMC_NORSRAMCmd)
    FSMC_NORSRAMInit                         0x08000fd9   Thumb Code   200  stm32f10x_fsmc.o(i.FSMC_NORSRAMInit)
    GPIO_Init                                0x080010a1   Thumb Code   156  stm32f10x_gpio.o(i.GPIO_Init)
    GPIO_PinRemapConfig                      0x0800113d   Thumb Code    82  stm32f10x_gpio.o(i.GPIO_PinRemapConfig)
    GPIO_ReadInputDataBit                    0x08001195   Thumb Code    14  stm32f10x_gpio.o(i.GPIO_ReadInputDataBit)
    GPIO_SetBits                             0x080011a3   Thumb Code     4  stm32f10x_gpio.o(i.GPIO_SetBits)
    GuiYi                                    0x080011a9   Thumb Code   810  main.o(i.GuiYi)
    HardFault_Handler                        0x080014dd   Thumb Code     2  stm32f10x_it.o(i.HardFault_Handler)
    KEY_Init                                 0x080014e1   Thumb Code    52  key.o(i.KEY_Init)
    LCD_BGR2RGB                              0x0800151d   Thumb Code    18  lcd.o(i.LCD_BGR2RGB)
    LCD_Clear                                0x08001531   Thumb Code   100  lcd.o(i.LCD_Clear)
    LCD_Display_Dir                          0x0800159d   Thumb Code   304  lcd.o(i.LCD_Display_Dir)
    LCD_DrawPoint                            0x080016d1   Thumb Code    20  lcd.o(i.LCD_DrawPoint)
    LCD_Fast_DrawPoint                       0x080016ed   Thumb Code   276  lcd.o(i.LCD_Fast_DrawPoint)
    LCD_Init                                 0x08001809   Thumb Code 11788  lcd.o(i.LCD_Init)
    LCD_Pow                                  0x08004619   Thumb Code    16  lcd.o(i.LCD_Pow)
    LCD_RD_DATA                              0x08004629   Thumb Code    16  lcd.o(i.LCD_RD_DATA)
    LCD_ReadPoint                            0x0800463d   Thumb Code   254  lcd.o(i.LCD_ReadPoint)
    LCD_ReadReg                              0x08004745   Thumb Code    20  lcd.o(i.LCD_ReadReg)
    LCD_SSD_BackLightSet                     0x0800475d   Thumb Code    50  lcd.o(i.LCD_SSD_BackLightSet)
    LCD_Scan_Dir                             0x08004799   Thumb Code   414  lcd.o(i.LCD_Scan_Dir)
    LCD_SetCursor                            0x08004941   Thumb Code   320  lcd.o(i.LCD_SetCursor)
    LCD_Set_Window                           0x08004a89   Thumb Code   370  lcd.o(i.LCD_Set_Window)
    LCD_ShowChar                             0x08004c05   Thumb Code   182  lcd.o(i.LCD_ShowChar)
    LCD_ShowNum                              0x08004cd1   Thumb Code   118  lcd.o(i.LCD_ShowNum)
    LCD_ShowString                           0x08004d47   Thumb Code    84  lcd.o(i.LCD_ShowString)
    LCD_WriteRAM_Prepare                     0x08004d9d   Thumb Code    10  lcd.o(i.LCD_WriteRAM_Prepare)
    LCD_WriteReg                             0x08004db1   Thumb Code    10  lcd.o(i.LCD_WriteReg)
    LED_Init                                 0x08004dc1   Thumb Code    70  led.o(i.LED_Init)
    MemManage_Handler                        0x08004e11   Thumb Code     2  stm32f10x_it.o(i.MemManage_Handler)
    MoShiShiBie_All                          0x08004e15   Thumb Code   164  main.o(i.MoShiShiBie_All)
    NMI_Handler                              0x08004ec1   Thumb Code     2  stm32f10x_it.o(i.NMI_Handler)
    NVIC_Init                                0x08004ec5   Thumb Code    94  misc.o(i.NVIC_Init)
    NVIC_PriorityGroupConfig                 0x08004f29   Thumb Code    10  misc.o(i.NVIC_PriorityGroupConfig)
    OV7670_Window_Set                        0x08004f3d   Thumb Code   110  ov7670.o(i.OV7670_Window_Set)
    OV7725_Init                              0x08004fad   Thumb Code   296  ov7725.o(i.OV7725_Init)
    OV7725_Window_Set                        0x08005109   Thumb Code   326  ov7725.o(i.OV7725_Window_Set)
    PA8_in                                   0x08005251   Thumb Code    32  main.o(i.PA8_in)
    PendSV_Handler                           0x08005275   Thumb Code     2  stm32f10x_it.o(i.PendSV_Handler)
    Picture_String                           0x08005279   Thumb Code   104  main.o(i.Picture_String)
    RCC_AHBPeriphClockCmd                    0x080052e5   Thumb Code    18  stm32f10x_rcc.o(i.RCC_AHBPeriphClockCmd)
    RCC_APB1PeriphClockCmd                   0x080052fd   Thumb Code    18  stm32f10x_rcc.o(i.RCC_APB1PeriphClockCmd)
    RCC_APB2PeriphClockCmd                   0x08005315   Thumb Code    18  stm32f10x_rcc.o(i.RCC_APB2PeriphClockCmd)
    RCC_GetClocksFreq                        0x0800532d   Thumb Code   132  stm32f10x_rcc.o(i.RCC_GetClocksFreq)
    RGB_HSV                                  0x080053c1   Thumb Code   300  main.o(i.RGB_HSV)
    SCCB_Init                                0x08005509   Thumb Code    98  sccb.o(i.SCCB_Init)
    SCCB_No_Ack                              0x08005575   Thumb Code    58  sccb.o(i.SCCB_No_Ack)
    SCCB_RD_Byte                             0x080055b9   Thumb Code   102  sccb.o(i.SCCB_RD_Byte)
    SCCB_RD_Reg                              0x0800562d   Thumb Code    76  sccb.o(i.SCCB_RD_Reg)
    SCCB_Start                               0x08005679   Thumb Code    44  sccb.o(i.SCCB_Start)
    SCCB_Stop                                0x080056ad   Thumb Code    46  sccb.o(i.SCCB_Stop)
    SCCB_WR_Byte                             0x080056e5   Thumb Code   130  sccb.o(i.SCCB_WR_Byte)
    SCCB_WR_Reg                              0x08005775   Thumb Code    62  sccb.o(i.SCCB_WR_Reg)
    SVC_Handler                              0x080057b3   Thumb Code     2  stm32f10x_it.o(i.SVC_Handler)
    SysTick_CLKSourceConfig                  0x0800585d   Thumb Code    24  misc.o(i.SysTick_CLKSourceConfig)
    SysTick_Handler                          0x08005875   Thumb Code     2  stm32f10x_it.o(i.SysTick_Handler)
    SystemInit                               0x08005879   Thumb Code    64  system_stm32f10x.o(i.SystemInit)
    TIM3_IRQHandler                          0x080058c9   Thumb Code    44  timer.o(i.TIM3_IRQHandler)
    TIM4_IRQHandler                          0x080058fd   Thumb Code    50  usmart.o(i.TIM4_IRQHandler)
    TIM5_IRQHandler                          0x08005939   Thumb Code   128  timer.o(i.TIM5_IRQHandler)
    TIM6_IRQHandler                          0x080059c1   Thumb Code    40  timer.o(i.TIM6_IRQHandler)
    TIM_ClearFlag                            0x08005a01   Thumb Code     6  stm32f10x_tim.o(i.TIM_ClearFlag)
    TIM_ClearITPendingBit                    0x08005a07   Thumb Code     6  stm32f10x_tim.o(i.TIM_ClearITPendingBit)
    TIM_Cmd                                  0x08005a0d   Thumb Code    20  stm32f10x_tim.o(i.TIM_Cmd)
    TIM_GetCapture1                          0x08005a21   Thumb Code     4  stm32f10x_tim.o(i.TIM_GetCapture1)
    TIM_GetCounter                           0x08005a25   Thumb Code     4  stm32f10x_tim.o(i.TIM_GetCounter)
    TIM_GetFlagStatus                        0x08005a29   Thumb Code    14  stm32f10x_tim.o(i.TIM_GetFlagStatus)
    TIM_GetITStatus                          0x08005a37   Thumb Code    24  stm32f10x_tim.o(i.TIM_GetITStatus)
    TIM_ITConfig                             0x08005a4f   Thumb Code    16  stm32f10x_tim.o(i.TIM_ITConfig)
    TIM_OC1PolarityConfig                    0x08005a5f   Thumb Code    12  stm32f10x_tim.o(i.TIM_OC1PolarityConfig)
    TIM_SetAutoreload                        0x08005a6b   Thumb Code     4  stm32f10x_tim.o(i.TIM_SetAutoreload)
    TIM_SetCounter                           0x08005a6f   Thumb Code     4  stm32f10x_tim.o(i.TIM_SetCounter)
    TIM_TimeBaseInit                         0x08005a75   Thumb Code   114  stm32f10x_tim.o(i.TIM_TimeBaseInit)
    Timer4_Init                              0x08005b11   Thumb Code    90  usmart.o(i.Timer4_Init)
    USART1_IRQHandler                        0x08005b71   Thumb Code    88  usart.o(i.USART1_IRQHandler)
    USART_Cmd                                0x08005bd5   Thumb Code    20  stm32f10x_usart.o(i.USART_Cmd)
    USART_GetITStatus                        0x08005be9   Thumb Code    62  stm32f10x_usart.o(i.USART_GetITStatus)
    USART_ITConfig                           0x08005c27   Thumb Code    48  stm32f10x_usart.o(i.USART_ITConfig)
    USART_Init                               0x08005c59   Thumb Code   166  stm32f10x_usart.o(i.USART_Init)
    USART_ReceiveData                        0x08005d05   Thumb Code     8  stm32f10x_usart.o(i.USART_ReceiveData)
    UsageFault_Handler                       0x08005d0d   Thumb Code     2  stm32f10x_it.o(i.UsageFault_Handler)
    WordShow                                 0x08005d11   Thumb Code   218  main.o(i.WordShow)
    ZhiFuFenGe                               0x08005e09   Thumb Code   118  main.o(i.ZhiFuFenGe)
    ZhiFuShiBie                              0x08005e8d   Thumb Code  1232  main.o(i.ZhiFuShiBie)
    _is_digit                                0x08006381   Thumb Code    14  __printf_wp.o(i._is_digit)
    _sys_exit                                0x0800638f   Thumb Code     2  usart.o(i._sys_exit)
    delay_init                               0x08006391   Thumb Code    46  delay.o(i.delay_init)
    delay_ms                                 0x080063cd   Thumb Code    46  delay.o(i.delay_ms)
    delay_us                                 0x08006401   Thumb Code    46  delay.o(i.delay_us)
    fputc                                    0x08006435   Thumb Code    18  usart.o(i.fputc)
    main                                     0x0800644d   Thumb Code   348  main.o(i.main)
    read_addr                                0x08006679   Thumb Code     4  usmart.o(i.read_addr)
    uart_init                                0x0800667d   Thumb Code   152  usart.o(i.uart_init)
    usmart_cmd_rec                           0x0800671d   Thumb Code   144  usmart.o(i.usmart_cmd_rec)
    usmart_exe                               0x080067b1   Thumb Code   510  usmart.o(i.usmart_exe)
    usmart_get_aparm                         0x08006a11   Thumb Code   156  usmart_str.o(i.usmart_get_aparm)
    usmart_get_cmdname                       0x08006aad   Thumb Code    46  usmart_str.o(i.usmart_get_cmdname)
    usmart_get_fname                         0x08006add   Thumb Code   352  usmart_str.o(i.usmart_get_fname)
    usmart_get_fparam                        0x08006c45   Thumb Code   202  usmart_str.o(i.usmart_get_fparam)
    usmart_get_parmpos                       0x08006d15   Thumb Code    30  usmart_str.o(i.usmart_get_parmpos)
    usmart_get_runtime                       0x08006d39   Thumb Code    48  usmart.o(i.usmart_get_runtime)
    usmart_init                              0x08006d71   Thumb Code    36  usmart.o(i.usmart_init)
    usmart_pow                               0x08006d99   Thumb Code    16  usmart_str.o(i.usmart_pow)
    usmart_reset_runtime                     0x08006da9   Thumb Code    40  usmart.o(i.usmart_reset_runtime)
    usmart_scan                              0x08006dd9   Thumb Code    94  usmart.o(i.usmart_scan)
    usmart_search_nextc                      0x08006e7d   Thumb Code    16  usmart_str.o(i.usmart_search_nextc)
    usmart_str2num                           0x08006e8d   Thumb Code   160  usmart_str.o(i.usmart_str2num)
    usmart_strcmp                            0x08006f2d   Thumb Code    24  usmart_str.o(i.usmart_strcmp)
    usmart_strcopy                           0x08006f45   Thumb Code    18  usmart_str.o(i.usmart_strcopy)
    usmart_strlen                            0x08006f57   Thumb Code    18  usmart_str.o(i.usmart_strlen)
    usmart_sys_cmd_exe                       0x08006f69   Thumb Code  1442  usmart.o(i.usmart_sys_cmd_exe)
    write_addr                               0x080075d9   Thumb Code     4  usmart.o(i.write_addr)
    __aeabi_d2uiz                            0x080075dd   Thumb Code     0  dfixu.o(x$fpl$dfixu)
    _dfixu                                   0x080075dd   Thumb Code    90  dfixu.o(x$fpl$dfixu)
    __aeabi_ui2d                             0x08007637   Thumb Code     0  dflt_clz.o(x$fpl$dfltu)
    _dfltu                                   0x08007637   Thumb Code    38  dflt_clz.o(x$fpl$dfltu)
    __aeabi_dmul                             0x0800765d   Thumb Code     0  dmul.o(x$fpl$dmul)
    _dmul                                    0x0800765d   Thumb Code   332  dmul.o(x$fpl$dmul)
    __fpl_dnaninf                            0x080077b1   Thumb Code   156  dnaninf.o(x$fpl$dnaninf)
    __fpl_dretinf                            0x0800784d   Thumb Code    12  dretinf.o(x$fpl$dretinf)
    __aeabi_fadd                             0x08007859   Thumb Code     0  faddsub_clz.o(x$fpl$fadd)
    _fadd                                    0x08007859   Thumb Code   196  faddsub_clz.o(x$fpl$fadd)
    __fpl_fcmp_Inf                           0x0800791d   Thumb Code    24  fcmpi.o(x$fpl$fcmpinf)
    __aeabi_fdiv                             0x08007935   Thumb Code     0  fdiv.o(x$fpl$fdiv)
    _fdiv                                    0x08007935   Thumb Code   384  fdiv.o(x$fpl$fdiv)
    __aeabi_cfcmpeq                          0x08007ab9   Thumb Code     0  feqf.o(x$fpl$feqf)
    _fcmpeq                                  0x08007ab9   Thumb Code   104  feqf.o(x$fpl$feqf)
    __aeabi_i2f                              0x08007b21   Thumb Code     0  fflt_clz.o(x$fpl$fflt)
    _fflt                                    0x08007b21   Thumb Code    48  fflt_clz.o(x$fpl$fflt)
    __aeabi_ui2f                             0x08007b51   Thumb Code     0  fflt_clz.o(x$fpl$ffltu)
    _ffltu                                   0x08007b51   Thumb Code    38  fflt_clz.o(x$fpl$ffltu)
    __aeabi_cfcmple                          0x08007b79   Thumb Code     0  fleqf.o(x$fpl$fleqf)
    _fcmple                                  0x08007b79   Thumb Code   104  fleqf.o(x$fpl$fleqf)
    __fpl_fcmple_InfNaN                      0x08007bcb   Thumb Code     0  fleqf.o(x$fpl$fleqf)
    __aeabi_fmul                             0x08007be1   Thumb Code     0  fmul.o(x$fpl$fmul)
    _fmul                                    0x08007be1   Thumb Code   258  fmul.o(x$fpl$fmul)
    __fpl_fnaninf                            0x08007ce3   Thumb Code   140  fnaninf.o(x$fpl$fnaninf)
    __fpl_fretinf                            0x08007d6f   Thumb Code    10  fretinf.o(x$fpl$fretinf)
    __aeabi_cfrcmple                         0x08007d79   Thumb Code     0  frleqf.o(x$fpl$frleqf)
    _frcmple                                 0x08007d79   Thumb Code    98  frleqf.o(x$fpl$frleqf)
    __aeabi_fsub                             0x08007ddd   Thumb Code     0  faddsub_clz.o(x$fpl$fsub)
    _fsub                                    0x08007ddd   Thumb Code   234  faddsub_clz.o(x$fpl$fsub)
    __I$use$fp                               0x08007ec6   Number         0  usenofp.o(x$fpl$usenofp)
    asc2_1206                                0x08007ec6   Data        1140  lcd.o(.constdata)
    asc2_1608                                0x0800833a   Data        1520  lcd.o(.constdata)
    asc2_2412                                0x0800892a   Data        3420  lcd.o(.constdata)
    ov7725_init_reg_tb1                      0x08009686   Data         130  ov7725.o(.constdata)
    Region$$Table$$Base                      0x08009884   Number         0  anon$$obj.o(Region$$Table)
    Region$$Table$$Limit                     0x080098a4   Number         0  anon$$obj.o(Region$$Table)
    R                                        0x20000000   Data           1  main.o(.data)
    G                                        0x20000001   Data           1  main.o(.data)
    B                                        0x20000002   Data           1  main.o(.data)
    R_a                                      0x20000003   Data           1  main.o(.data)
    G_a                                      0x20000004   Data           1  main.o(.data)
    B_a                                      0x20000005   Data           1  main.o(.data)
    Max_ChangePoint_240                      0x20000006   Data           1  main.o(.data)
    Min_ChangePoint_240                      0x20000007   Data           1  main.o(.data)
    flag_MaxMinCompare                       0x20000008   Data           1  main.o(.data)
    ways0_8                                  0x20000009   Data           1  main.o(.data)
    color_save                               0x2000000a   Data           2  main.o(.data)
    AA                                       0x2000000c   Data           2  main.o(.data)
    BB                                       0x2000000e   Data           2  main.o(.data)
    Min_blue                                 0x20000010   Data           2  main.o(.data)
    Max_blue                                 0x20000012   Data           2  main.o(.data)
    k1                                       0x20000014   Data           2  main.o(.data)
    kk1                                      0x20000016   Data           2  main.o(.data)
    k2                                       0x20000018   Data           2  main.o(.data)
    kk2                                      0x2000001a   Data           2  main.o(.data)
    k3                                       0x2000001c   Data           2  main.o(.data)
    kk3                                      0x2000001e   Data           2  main.o(.data)
    k4                                       0x20000020   Data           2  main.o(.data)
    kk4                                      0x20000022   Data           2  main.o(.data)
    k5                                       0x20000024   Data           2  main.o(.data)
    kk5                                      0x20000026   Data           2  main.o(.data)
    k6                                       0x20000028   Data           2  main.o(.data)
    kk6                                      0x2000002a   Data           2  main.o(.data)
    k7                                       0x2000002c   Data           2  main.o(.data)
    kk7                                      0x2000002e   Data           2  main.o(.data)
    k8                                       0x20000030   Data           2  main.o(.data)
    kk8                                      0x20000032   Data           2  main.o(.data)
    V                                        0x20000034   Data           4  main.o(.data)
    S                                        0x20000038   Data           4  main.o(.data)
    H                                        0x2000003c   Data           4  main.o(.data)
    table_cardMeasure                        0x20000040   Data           7  main.o(.data)
    table_char                               0x20000047   Data          36  main.o(.data)
    table_char_char                          0x2000006b   Data          36  main.o(.data)
    SystemCoreClock                          0x20000090   Data           4  system_stm32f10x.o(.data)
    AHBPrescTable                            0x20000094   Data          16  system_stm32f10x.o(.data)
    POINT_COLOR                              0x200000a4   Data           2  lcd.o(.data)
    BACK_COLOR                               0x200000a6   Data           2  lcd.o(.data)
    ov_sta                                   0x200000a8   Data           1  exti.o(.data)
    TIM5CH1_CAPTURE_STA                      0x200000aa   Data           1  timer.o(.data)
    ov_frame                                 0x200000ab   Data           1  timer.o(.data)
    TIM5CH1_CAPTURE_VAL                      0x200000ac   Data           2  timer.o(.data)
    table_yu                                 0x200000ae   Data          32  string.o(.data)
    table_min                                0x200000ce   Data          32  string.o(.data)
    table_lu                                 0x200000ee   Data          32  string.o(.data)
    table_zhe                                0x2000010e   Data          32  string.o(.data)
    table_shan                               0x2000012e   Data          32  string.o(.data)
    table_cuan                               0x2000014e   Data          32  string.o(.data)
    Table                                    0x2000016e   Data        6300  string.o(.data)
    USART_RX_STA                             0x20001a0e   Data           2  usart.o(.data)
    __stdout                                 0x20001a10   Data           4  usart.o(.data)
    sys_cmd_tab                              0x20001a28   Data          28  usmart.o(.data)
    usmart_nametab                           0x20001a44   Data          64  usmart_config.o(.data)
    usmart_dev                               0x20001a84   Data         244  usmart_config.o(.data)
    TableChangePoint_240                     0x20001b78   Data         240  main.o(.bss)
    TableChangePoint_320                     0x20001c68   Data         320  main.o(.bss)
    table_picture                            0x20001da8   Data         150  main.o(.bss)
    lcddev                                   0x20001e3e   Data          14  lcd.o(.bss)
    USART_RX_BUF                             0x20001e4c   Data         200  usart.o(.bss)
    __libspace_start                         0x20001f14   Data          96  libspace.o(.bss)
    __temporary_stack_top$libspace           0x20001f74   Data           0  libspace.o(.bss)



==============================================================================

Memory Map of the image

  Image Entry point : 0x08000131

  Load Region LR_IROM1 (Base: 0x08000000, Size: 0x0000b41c, Max: 0x00080000, ABSOLUTE, COMPRESSED[0x0000a434])

    Execution Region ER_IROM1 (Base: 0x08000000, Size: 0x000098a4, Max: 0x00080000, ABSOLUTE)

    Base Addr    Size         Type   Attr      Idx    E Section Name        Object

    0x08000000   0x00000130   Data   RO         1005    RESET               startup_stm32f10x_hd.o
    0x08000130   0x00000008   Code   RO         2472  * !!!main             c_w.l(__main.o)
    0x08000138   0x00000034   Code   RO         2690    !!!scatter          c_w.l(__scatter.o)
    0x0800016c   0x00000064   Code   RO         2688    !!dclz77c           c_w.l(__dclz77c.o)
    0x080001d0   0x0000001c   Code   RO         2692    !!handler_zi        c_w.l(__scatter_zi.o)
    0x080001ec   0x00000000   Code   RO         2469    .ARM.Collect$$_printf_percent$$00000000  c_w.l(_printf_percent.o)
    0x080001ec   0x00000006   Code   RO         2467    .ARM.Collect$$_printf_percent$$00000009  c_w.l(_printf_d.o)
    0x080001f2   0x00000006   Code   RO         2468    .ARM.Collect$$_printf_percent$$0000000A  c_w.l(_printf_u.o)
    0x080001f8   0x00000006   Code   RO         2466    .ARM.Collect$$_printf_percent$$0000000C  c_w.l(_printf_x.o)
    0x080001fe   0x00000006   Code   RO         2464    .ARM.Collect$$_printf_percent$$00000013  c_w.l(_printf_c.o)
    0x08000204   0x00000006   Code   RO         2465    .ARM.Collect$$_printf_percent$$00000014  c_w.l(_printf_s.o)
    0x0800020a   0x00000004   Code   RO         2519    .ARM.Collect$$_printf_percent$$00000017  c_w.l(_printf_percent_end.o)
    0x0800020e   0x00000002   Code   RO         2563    .ARM.Collect$$libinit$$00000000  c_w.l(libinit.o)
    0x08000210   0x00000000   Code   RO         2570    .ARM.Collect$$libinit$$00000002  c_w.l(libinit2.o)
    0x08000210   0x00000000   Code   RO         2572    .ARM.Collect$$libinit$$00000004  c_w.l(libinit2.o)
    0x08000210   0x00000000   Code   RO         2575    .ARM.Collect$$libinit$$0000000A  c_w.l(libinit2.o)
    0x08000210   0x00000000   Code   RO         2577    .ARM.Collect$$libinit$$0000000C  c_w.l(libinit2.o)
    0x08000210   0x00000000   Code   RO         2579    .ARM.Collect$$libinit$$0000000E  c_w.l(libinit2.o)
    0x08000210   0x00000000   Code   RO         2582    .ARM.Collect$$libinit$$00000011  c_w.l(libinit2.o)
    0x08000210   0x00000000   Code   RO         2584    .ARM.Collect$$libinit$$00000013  c_w.l(libinit2.o)
    0x08000210   0x00000000   Code   RO         2586    .ARM.Collect$$libinit$$00000015  c_w.l(libinit2.o)
    0x08000210   0x00000000   Code   RO         2588    .ARM.Collect$$libinit$$00000017  c_w.l(libinit2.o)
    0x08000210   0x00000000   Code   RO         2590    .ARM.Collect$$libinit$$00000019  c_w.l(libinit2.o)
    0x08000210   0x00000000   Code   RO         2592    .ARM.Collect$$libinit$$0000001B  c_w.l(libinit2.o)
    0x08000210   0x00000000   Code   RO         2594    .ARM.Collect$$libinit$$0000001D  c_w.l(libinit2.o)
    0x08000210   0x00000000   Code   RO         2596    .ARM.Collect$$libinit$$0000001F  c_w.l(libinit2.o)
    0x08000210   0x00000000   Code   RO         2598    .ARM.Collect$$libinit$$00000021  c_w.l(libinit2.o)
    0x08000210   0x00000000   Code   RO         2600    .ARM.Collect$$libinit$$00000023  c_w.l(libinit2.o)
    0x08000210   0x00000000   Code   RO         2602    .ARM.Collect$$libinit$$00000025  c_w.l(libinit2.o)
    0x08000210   0x00000000   Code   RO         2606    .ARM.Collect$$libinit$$0000002C  c_w.l(libinit2.o)
    0x08000210   0x00000000   Code   RO         2608    .ARM.Collect$$libinit$$0000002E  c_w.l(libinit2.o)
    0x08000210   0x00000000   Code   RO         2610    .ARM.Collect$$libinit$$00000030  c_w.l(libinit2.o)
    0x08000210   0x00000000   Code   RO         2612    .ARM.Collect$$libinit$$00000032  c_w.l(libinit2.o)
    0x08000210   0x00000002   Code   RO         2613    .ARM.Collect$$libinit$$00000033  c_w.l(libinit2.o)
    0x08000212   0x00000002   Code   RO         2631    .ARM.Collect$$libshutdown$$00000000  c_w.l(libshutdown.o)
    0x08000214   0x00000000   Code   RO         2642    .ARM.Collect$$libshutdown$$00000003  c_w.l(libshutdown2.o)
    0x08000214   0x00000000   Code   RO         2645    .ARM.Collect$$libshutdown$$00000006  c_w.l(libshutdown2.o)
    0x08000214   0x00000000   Code   RO         2648    .ARM.Collect$$libshutdown$$00000009  c_w.l(libshutdown2.o)
    0x08000214   0x00000000   Code   RO         2650    .ARM.Collect$$libshutdown$$0000000B  c_w.l(libshutdown2.o)
    0x08000214   0x00000000   Code   RO         2653    .ARM.Collect$$libshutdown$$0000000E  c_w.l(libshutdown2.o)
    0x08000214   0x00000002   Code   RO         2654    .ARM.Collect$$libshutdown$$0000000F  c_w.l(libshutdown2.o)
    0x08000216   0x00000000   Code   RO         2512    .ARM.Collect$$rtentry$$00000000  c_w.l(__rtentry.o)
    0x08000216   0x00000000   Code   RO         2532    .ARM.Collect$$rtentry$$00000002  c_w.l(__rtentry2.o)
    0x08000216   0x00000006   Code   RO         2544    .ARM.Collect$$rtentry$$00000004  c_w.l(__rtentry4.o)
    0x0800021c   0x00000000   Code   RO         2534    .ARM.Collect$$rtentry$$00000009  c_w.l(__rtentry2.o)
    0x0800021c   0x00000004   Code   RO         2535    .ARM.Collect$$rtentry$$0000000A  c_w.l(__rtentry2.o)
    0x08000220   0x00000000   Code   RO         2537    .ARM.Collect$$rtentry$$0000000C  c_w.l(__rtentry2.o)
    0x08000220   0x00000008   Code   RO         2538    .ARM.Collect$$rtentry$$0000000D  c_w.l(__rtentry2.o)
    0x08000228   0x00000002   Code   RO         2567    .ARM.Collect$$rtexit$$00000000  c_w.l(rtexit.o)
    0x0800022a   0x00000000   Code   RO         2615    .ARM.Collect$$rtexit$$00000002  c_w.l(rtexit2.o)
    0x0800022a   0x00000004   Code   RO         2616    .ARM.Collect$$rtexit$$00000003  c_w.l(rtexit2.o)
    0x0800022e   0x00000006   Code   RO         2617    .ARM.Collect$$rtexit$$00000004  c_w.l(rtexit2.o)
    0x08000234   0x0000003c   Code   RO         1006    .text               startup_stm32f10x_hd.o
    0x08000270   0x00000002   Code   RO         2409    .text               c_w.l(use_no_semi_2.o)
    0x08000272   0x00000002   PAD
    0x08000274   0x00000018   Code   RO         2413    .text               c_w.l(noretval__2printf.o)
    0x0800028c   0x0000004e   Code   RO         2417    .text               c_w.l(_printf_pad.o)
    0x080002da   0x00000052   Code   RO         2419    .text               c_w.l(_printf_str.o)
    0x0800032c   0x00000078   Code   RO         2421    .text               c_w.l(_printf_dec.o)
    0x080003a4   0x00000058   Code   RO         2426    .text               c_w.l(_printf_hex_int.o)
    0x080003fc   0x00000188   Code   RO         2461    .text               c_w.l(__printf_flags_ss_wp.o)
    0x08000584   0x00000006   Code   RO         2470    .text               c_w.l(heapauxi.o)
    0x0800058a   0x00000002   Code   RO         2510    .text               c_w.l(use_no_semi.o)
    0x0800058c   0x000000b2   Code   RO         2513    .text               c_w.l(_printf_intcommon.o)
    0x0800063e   0x0000002c   Code   RO         2515    .text               c_w.l(_printf_char.o)
    0x0800066a   0x00000002   PAD
    0x0800066c   0x00000024   Code   RO         2517    .text               c_w.l(_printf_char_file.o)
    0x08000690   0x00000030   Code   RO         2546    .text               c_w.l(_printf_char_common.o)
    0x080006c0   0x00000008   Code   RO         2548    .text               c_w.l(ferror.o)
    0x080006c8   0x0000004a   Code   RO         2552    .text               c_w.l(sys_stackheap_outer.o)
    0x08000712   0x0000000c   Code   RO         2556    .text               c_w.l(exit.o)
    0x0800071e   0x00000002   PAD
    0x08000720   0x00000008   Code   RO         2564    .text               c_w.l(libspace.o)
    0x08000728   0x00000002   Code   RO          215    i.BusFault_Handler  stm32f10x_it.o
    0x0800072a   0x00000002   PAD
    0x0800072c   0x000000c8   Code   RO            1    i.ChangePoint_Analysis_240  main.o
    0x080007f4   0x00000128   Code   RO            2    i.ChangePoint_Analysis_320  main.o
    0x0800091c   0x000000e0   Code   RO            3    i.ChangePoint_Analysis_Blue  main.o
    0x080009fc   0x00000068   Code   RO            4    i.ChangePoint_Show_240  main.o
    0x08000a64   0x00000034   Code   RO            5    i.ChangePoint_Show_320  main.o
    0x08000a98   0x00000274   Code   RO            6    i.Data_LCD_ColorChange  main.o
    0x08000d0c   0x00000154   Code   RO            7    i.Data_LCD_ColorChange_Test  main.o
    0x08000e60   0x00000002   Code   RO          216    i.DebugMon_Handler  stm32f10x_it.o
    0x08000e62   0x00000002   PAD
    0x08000e64   0x00000038   Code   RO          604    i.EXTI0_IRQHandler  exti.o
    0x08000e9c   0x00000038   Code   RO          605    i.EXTI2_IRQHandler  exti.o
    0x08000ed4   0x00000038   Code   RO          606    i.EXTI3_IRQHandler  exti.o
    0x08000f0c   0x00000038   Code   RO          607    i.EXTI4_IRQHandler  exti.o
    0x08000f44   0x00000048   Code   RO          609    i.EXTI9_5_IRQHandler  exti.o
    0x08000f8c   0x0000000c   Code   RO         1661    i.EXTI_ClearITPendingBit  stm32f10x_exti.o
    0x08000f98   0x00000020   Code   RO         1665    i.EXTI_GetITStatus  stm32f10x_exti.o
    0x08000fb8   0x00000020   Code   RO         1057    i.FSMC_NORSRAMCmd   stm32f10x_fsmc.o
    0x08000fd8   0x000000c8   Code   RO         1059    i.FSMC_NORSRAMInit  stm32f10x_fsmc.o
    0x080010a0   0x0000009c   Code   RO         1172    i.GPIO_Init         stm32f10x_gpio.o
    0x0800113c   0x00000058   Code   RO         1174    i.GPIO_PinRemapConfig  stm32f10x_gpio.o
    0x08001194   0x0000000e   Code   RO         1176    i.GPIO_ReadInputDataBit  stm32f10x_gpio.o
    0x080011a2   0x00000004   Code   RO         1180    i.GPIO_SetBits      stm32f10x_gpio.o
    0x080011a6   0x00000002   PAD
    0x080011a8   0x00000334   Code   RO            8    i.GuiYi             main.o
    0x080014dc   0x00000002   Code   RO          217    i.HardFault_Handler  stm32f10x_it.o
    0x080014de   0x00000002   PAD
    0x080014e0   0x0000003c   Code   RO          339    i.KEY_Init          key.o
    0x0800151c   0x00000012   Code   RO          358    i.LCD_BGR2RGB       lcd.o
    0x0800152e   0x00000002   PAD
    0x08001530   0x0000006c   Code   RO          359    i.LCD_Clear         lcd.o
    0x0800159c   0x00000134   Code   RO          363    i.LCD_Display_Dir   lcd.o
    0x080016d0   0x0000001c   Code   RO          365    i.LCD_DrawPoint     lcd.o
    0x080016ec   0x0000011c   Code   RO          368    i.LCD_Fast_DrawPoint  lcd.o
    0x08001808   0x00002e10   Code   RO          370    i.LCD_Init          lcd.o
    0x08004618   0x00000010   Code   RO          371    i.LCD_Pow           lcd.o
    0x08004628   0x00000014   Code   RO          372    i.LCD_RD_DATA       lcd.o
    0x0800463c   0x00000108   Code   RO          373    i.LCD_ReadPoint     lcd.o
    0x08004744   0x00000018   Code   RO          374    i.LCD_ReadReg       lcd.o
    0x0800475c   0x0000003c   Code   RO          375    i.LCD_SSD_BackLightSet  lcd.o
    0x08004798   0x000001a8   Code   RO          376    i.LCD_Scan_Dir      lcd.o
    0x08004940   0x00000148   Code   RO          377    i.LCD_SetCursor     lcd.o
    0x08004a88   0x0000017c   Code   RO          378    i.LCD_Set_Window    lcd.o
    0x08004c04   0x000000cc   Code   RO          379    i.LCD_ShowChar      lcd.o
    0x08004cd0   0x00000076   Code   RO          380    i.LCD_ShowNum       lcd.o
    0x08004d46   0x00000054   Code   RO          381    i.LCD_ShowString    lcd.o
    0x08004d9a   0x00000002   PAD
    0x08004d9c   0x00000014   Code   RO          386    i.LCD_WriteRAM_Prepare  lcd.o
    0x08004db0   0x00000010   Code   RO          387    i.LCD_WriteReg      lcd.o
    0x08004dc0   0x00000050   Code   RO          327    i.LED_Init          led.o
    0x08004e10   0x00000002   Code   RO          218    i.MemManage_Handler  stm32f10x_it.o
    0x08004e12   0x00000002   PAD
    0x08004e14   0x000000ac   Code   RO            9    i.MoShiShiBie_All   main.o
    0x08004ec0   0x00000002   Code   RO          219    i.NMI_Handler       stm32f10x_it.o
    0x08004ec2   0x00000002   PAD
    0x08004ec4   0x00000064   Code   RO         1010    i.NVIC_Init         misc.o
    0x08004f28   0x00000014   Code   RO         1011    i.NVIC_PriorityGroupConfig  misc.o
    0x08004f3c   0x0000006e   Code   RO          778    i.OV7670_Window_Set  ov7670.o
    0x08004faa   0x00000002   PAD
    0x08004fac   0x0000015c   Code   RO          829    i.OV7725_Init       ov7725.o
    0x08005108   0x00000146   Code   RO          832    i.OV7725_Window_Set  ov7725.o
    0x0800524e   0x00000002   PAD
    0x08005250   0x00000024   Code   RO           10    i.PA8_in            main.o
    0x08005274   0x00000002   Code   RO          220    i.PendSV_Handler    stm32f10x_it.o
    0x08005276   0x00000002   PAD
    0x08005278   0x0000006c   Code   RO           11    i.Picture_String    main.o
    0x080052e4   0x00000018   Code   RO         1281    i.RCC_AHBPeriphClockCmd  stm32f10x_rcc.o
    0x080052fc   0x00000018   Code   RO         1282    i.RCC_APB1PeriphClockCmd  stm32f10x_rcc.o
    0x08005314   0x00000018   Code   RO         1284    i.RCC_APB2PeriphClockCmd  stm32f10x_rcc.o
    0x0800532c   0x00000094   Code   RO         1292    i.RCC_GetClocksFreq  stm32f10x_rcc.o
    0x080053c0   0x00000148   Code   RO           12    i.RGB_HSV           main.o
    0x08005508   0x0000006c   Code   RO          716    i.SCCB_Init         sccb.o
    0x08005574   0x00000044   Code   RO          717    i.SCCB_No_Ack       sccb.o
    0x080055b8   0x00000074   Code   RO          718    i.SCCB_RD_Byte      sccb.o
    0x0800562c   0x0000004c   Code   RO          719    i.SCCB_RD_Reg       sccb.o
    0x08005678   0x00000034   Code   RO          720    i.SCCB_Start        sccb.o
    0x080056ac   0x00000038   Code   RO          721    i.SCCB_Stop         sccb.o
    0x080056e4   0x00000090   Code   RO          722    i.SCCB_WR_Byte      sccb.o
    0x08005774   0x0000003e   Code   RO          723    i.SCCB_WR_Reg       sccb.o
    0x080057b2   0x00000002   Code   RO          221    i.SVC_Handler       stm32f10x_it.o
    0x080057b4   0x000000a8   Code   RO          298    i.SetSysClockTo72   system_stm32f10x.o
    0x0800585c   0x00000018   Code   RO         1014    i.SysTick_CLKSourceConfig  misc.o
    0x08005874   0x00000002   Code   RO          222    i.SysTick_Handler   stm32f10x_it.o
    0x08005876   0x00000002   PAD
    0x08005878   0x00000050   Code   RO          300    i.SystemInit        system_stm32f10x.o
    0x080058c8   0x00000034   Code   RO          659    i.TIM3_IRQHandler   timer.o
    0x080058fc   0x0000003c   Code   RO         2247    i.TIM4_IRQHandler   usmart.o
    0x08005938   0x00000088   Code   RO          663    i.TIM5_IRQHandler   timer.o
    0x080059c0   0x00000040   Code   RO          664    i.TIM6_IRQHandler   timer.o
    0x08005a00   0x00000006   Code   RO         1722    i.TIM_ClearFlag     stm32f10x_tim.o
    0x08005a06   0x00000006   Code   RO         1723    i.TIM_ClearITPendingBit  stm32f10x_tim.o
    0x08005a0c   0x00000014   Code   RO         1728    i.TIM_Cmd           stm32f10x_tim.o
    0x08005a20   0x00000004   Code   RO         1743    i.TIM_GetCapture1   stm32f10x_tim.o
    0x08005a24   0x00000004   Code   RO         1747    i.TIM_GetCounter    stm32f10x_tim.o
    0x08005a28   0x0000000e   Code   RO         1748    i.TIM_GetFlagStatus  stm32f10x_tim.o
    0x08005a36   0x00000018   Code   RO         1749    i.TIM_GetITStatus   stm32f10x_tim.o
    0x08005a4e   0x00000010   Code   RO         1753    i.TIM_ITConfig      stm32f10x_tim.o
    0x08005a5e   0x0000000c   Code   RO         1759    i.TIM_OC1PolarityConfig  stm32f10x_tim.o
    0x08005a6a   0x00000004   Code   RO         1787    i.TIM_SetAutoreload  stm32f10x_tim.o
    0x08005a6e   0x00000004   Code   RO         1793    i.TIM_SetCounter    stm32f10x_tim.o
    0x08005a72   0x00000002   PAD
    0x08005a74   0x0000009c   Code   RO         1799    i.TIM_TimeBaseInit  stm32f10x_tim.o
    0x08005b10   0x00000060   Code   RO         2248    i.Timer4_Init       usmart.o
    0x08005b70   0x00000064   Code   RO          951    i.USART1_IRQHandler  usart.o
    0x08005bd4   0x00000014   Code   RO         1484    i.USART_Cmd         stm32f10x_usart.o
    0x08005be8   0x0000003e   Code   RO         1488    i.USART_GetITStatus  stm32f10x_usart.o
    0x08005c26   0x00000030   Code   RO         1490    i.USART_ITConfig    stm32f10x_usart.o
    0x08005c56   0x00000002   PAD
    0x08005c58   0x000000ac   Code   RO         1491    i.USART_Init        stm32f10x_usart.o
    0x08005d04   0x00000008   Code   RO         1498    i.USART_ReceiveData  stm32f10x_usart.o
    0x08005d0c   0x00000002   Code   RO          223    i.UsageFault_Handler  stm32f10x_it.o
    0x08005d0e   0x00000002   PAD
    0x08005d10   0x000000f8   Code   RO           14    i.WordShow          main.o
    0x08005e08   0x00000084   Code   RO           15    i.ZhiFuFenGe        main.o
    0x08005e8c   0x000004f4   Code   RO           16    i.ZhiFuShiBie       main.o
    0x08006380   0x0000000e   Code   RO         2454    i._is_digit         c_w.l(__printf_wp.o)
    0x0800638e   0x00000002   Code   RO          952    i._sys_exit         usart.o
    0x08006390   0x0000003c   Code   RO          896    i.delay_init        delay.o
    0x080063cc   0x00000034   Code   RO          897    i.delay_ms          delay.o
    0x08006400   0x00000034   Code   RO          898    i.delay_us          delay.o
    0x08006434   0x00000018   Code   RO          953    i.fputc             usart.o
    0x0800644c   0x0000022c   Code   RO           17    i.main              main.o
    0x08006678   0x00000004   Code   RO         2249    i.read_addr         usmart.o
    0x0800667c   0x000000a0   Code   RO          954    i.uart_init         usart.o
    0x0800671c   0x00000094   Code   RO         2250    i.usmart_cmd_rec    usmart.o
    0x080067b0   0x00000260   Code   RO         2251    i.usmart_exe        usmart.o
    0x08006a10   0x0000009c   Code   RO         2340    i.usmart_get_aparm  usmart_str.o
    0x08006aac   0x0000002e   Code   RO         2341    i.usmart_get_cmdname  usmart_str.o
    0x08006ada   0x00000002   PAD
    0x08006adc   0x00000168   Code   RO         2342    i.usmart_get_fname  usmart_str.o
    0x08006c44   0x000000d0   Code   RO         2343    i.usmart_get_fparam  usmart_str.o
    0x08006d14   0x00000024   Code   RO         2344    i.usmart_get_parmpos  usmart_str.o
    0x08006d38   0x00000038   Code   RO         2252    i.usmart_get_runtime  usmart.o
    0x08006d70   0x00000028   Code   RO         2253    i.usmart_init       usmart.o
    0x08006d98   0x00000010   Code   RO         2345    i.usmart_pow        usmart_str.o
    0x08006da8   0x00000030   Code   RO         2254    i.usmart_reset_runtime  usmart.o
    0x08006dd8   0x000000a4   Code   RO         2255    i.usmart_scan       usmart.o
    0x08006e7c   0x00000010   Code   RO         2346    i.usmart_search_nextc  usmart_str.o
    0x08006e8c   0x000000a0   Code   RO         2347    i.usmart_str2num    usmart_str.o
    0x08006f2c   0x00000018   Code   RO         2348    i.usmart_strcmp     usmart_str.o
    0x08006f44   0x00000012   Code   RO         2349    i.usmart_strcopy    usmart_str.o
    0x08006f56   0x00000012   Code   RO         2350    i.usmart_strlen     usmart_str.o
    0x08006f68   0x00000670   Code   RO         2256    i.usmart_sys_cmd_exe  usmart.o
    0x080075d8   0x00000004   Code   RO         2257    i.write_addr        usmart.o
    0x080075dc   0x0000005a   Code   RO         2474    x$fpl$dfixu         fz_ws.l(dfixu.o)
    0x08007636   0x00000026   Code   RO         2478    x$fpl$dfltu         fz_ws.l(dflt_clz.o)
    0x0800765c   0x00000154   Code   RO         2484    x$fpl$dmul          fz_ws.l(dmul.o)
    0x080077b0   0x0000009c   Code   RO         2520    x$fpl$dnaninf       fz_ws.l(dnaninf.o)
    0x0800784c   0x0000000c   Code   RO         2522    x$fpl$dretinf       fz_ws.l(dretinf.o)
    0x08007858   0x000000c4   Code   RO         2486    x$fpl$fadd          fz_ws.l(faddsub_clz.o)
    0x0800791c   0x00000018   Code   RO         2524    x$fpl$fcmpinf       fz_ws.l(fcmpi.o)
    0x08007934   0x00000184   Code   RO         2493    x$fpl$fdiv          fz_ws.l(fdiv.o)
    0x08007ab8   0x00000068   Code   RO         2496    x$fpl$feqf          fz_ws.l(feqf.o)
    0x08007b20   0x00000030   Code   RO         2499    x$fpl$fflt          fz_ws.l(fflt_clz.o)
    0x08007b50   0x00000026   Code   RO         2498    x$fpl$ffltu         fz_ws.l(fflt_clz.o)
    0x08007b76   0x00000002   PAD
    0x08007b78   0x00000068   Code   RO         2504    x$fpl$fleqf         fz_ws.l(fleqf.o)
    0x08007be0   0x00000102   Code   RO         2506    x$fpl$fmul          fz_ws.l(fmul.o)
    0x08007ce2   0x0000008c   Code   RO         2526    x$fpl$fnaninf       fz_ws.l(fnaninf.o)
    0x08007d6e   0x0000000a   Code   RO         2528    x$fpl$fretinf       fz_ws.l(fretinf.o)
    0x08007d78   0x00000062   Code   RO         2508    x$fpl$frleqf        fz_ws.l(frleqf.o)
    0x08007dda   0x00000002   PAD
    0x08007ddc   0x000000ea   Code   RO         2488    x$fpl$fsub          fz_ws.l(faddsub_clz.o)
    0x08007ec6   0x00000000   Code   RO         2530    x$fpl$usenofp       fz_ws.l(usenofp.o)
    0x08007ec6   0x000017c0   Data   RO          390    .constdata          lcd.o
    0x08009686   0x00000082   Data   RO          833    .constdata          ov7725.o
    0x08009708   0x00000028   Data   RO         2427    .constdata          c_w.l(_printf_hex_int.o)
    0x08009730   0x00000011   Data   RO         2462    .constdata          c_w.l(__printf_flags_ss_wp.o)
    0x08009741   0x00000003   PAD
    0x08009744   0x00000028   Data   RO         2258    .conststring        usmart.o
    0x0800976c   0x00000117   Data   RO         2323    .conststring        usmart_config.o
    0x08009883   0x00000001   PAD
    0x08009884   0x00000020   Data   RO         2686    Region$$Table       anon$$obj.o


    Execution Region RW_IRAM1 (Base: 0x20000000, Size: 0x00002778, Max: 0x00010000, ABSOLUTE, COMPRESSED[0x00000b90])

    Base Addr    Size         Type   Attr      Idx    E Section Name        Object

    0x20000000   0x0000008f   Data   RW           21    .data               main.o
    0x2000008f   0x00000001   PAD
    0x20000090   0x00000014   Data   RW          301    .data               system_stm32f10x.o
    0x200000a4   0x00000004   Data   RW          391    .data               lcd.o
    0x200000a8   0x00000001   Data   RW          611    .data               exti.o
    0x200000a9   0x00000001   PAD
    0x200000aa   0x00000004   Data   RW          667    .data               timer.o
    0x200000ae   0x00000020   Data   RW          881    .data               string.o
    0x200000ce   0x00000020   Data   RW          882    .data               string.o
    0x200000ee   0x00000020   Data   RW          883    .data               string.o
    0x2000010e   0x00000020   Data   RW          884    .data               string.o
    0x2000012e   0x00000020   Data   RW          885    .data               string.o
    0x2000014e   0x00000020   Data   RW          886    .data               string.o
    0x2000016e   0x0000189c   Data   RW          887    .data               string.o
    0x20001a0a   0x00000004   Data   RW          899    .data               delay.o
    0x20001a0e   0x00000002   Data   RW          956    .data               usart.o
    0x20001a10   0x00000004   Data   RW          957    .data               usart.o
    0x20001a14   0x00000014   Data   RW         1312    .data               stm32f10x_rcc.o
    0x20001a28   0x0000001c   Data   RW         2259    .data               usmart.o
    0x20001a44   0x00000040   Data   RW         2324    .data               usmart_config.o
    0x20001a84   0x000000f4   Data   RW         2325    .data               usmart_config.o
    0x20001b78   0x000002c6   Zero   RW           18    .bss                main.o
    0x20001e3e   0x0000000e   Zero   RW          389    .bss                lcd.o
    0x20001e4c   0x000000c8   Zero   RW          955    .bss                usart.o
    0x20001f14   0x00000060   Zero   RW         2565    .bss                c_w.l(libspace.o)
    0x20001f74   0x00000004   PAD
    0x20001f78   0x00000000   Zero   RW         1004    HEAP                startup_stm32f10x_hd.o
    0x20001f78   0x00000800   Zero   RW         1003    STACK               startup_stm32f10x_hd.o


==============================================================================

Image component sizes


      Code (inc. data)   RO Data    RW Data    ZI Data      Debug   Object Name

       164         26          0          4          0       1543   delay.o
       296         50          0          1          0       2622   exti.o
        60          8          0          0          0        463   key.o
     14496        174       6080          4         14      55656   lcd.o
        80         10          0          0          0        475   led.o
      5512        526          0        143        710     277518   main.o
       144         16          0          0          0       1917   misc.o
       110          0          0          0          0        712   ov7670.o
       674         52        130          0          0       4260   ov7725.o
       682         66          0          0          0       4603   sccb.o
        60         22        304          0       2048        768   startup_stm32f10x_hd.o
        44         10          0          0          0       1088   stm32f10x_exti.o
       232          6          0          0          0       1749   stm32f10x_fsmc.o
       262          6          0          0          0       3813   stm32f10x_gpio.o
        18          0          0          0          0       3406   stm32f10x_it.o
       220         34          0         20          0       4842   stm32f10x_rcc.o
       270         42          0          0          0       7713   stm32f10x_tim.o
       310          6          0          0          0       4918   stm32f10x_usart.o
         0          0          0       6492          0        837   string.o
         0          0          0          0          0         32   sys.o
       248         24          0         20          0       1601   system_stm32f10x.o
       252         40          0          4          0       1858   timer.o
       286         26          0          6        200       3928   usart.o
      2876       1332         40         28          0       7190   usmart.o
         0          0        279        308          0       1588   usmart_config.o
      1058         20          0          0          0       8559   usmart_str.o

    ----------------------------------------------------------------------
     28386       2496       6866       7032       2972     403659   Object Totals
         0          0         32          0          0          0   (incl. Generated)
        32          0          1          2          0          0   (incl. Padding)

    ----------------------------------------------------------------------

      Code (inc. data)   RO Data    RW Data    ZI Data      Debug   Library Member Name

       100          0          0          0          0          0   __dclz77c.o
         8          0          0          0          0         68   __main.o
       392          4         17          0          0         92   __printf_flags_ss_wp.o
        14          0          0          0          0         68   __printf_wp.o
         0          0          0          0          0          0   __rtentry.o
        12          0          0          0          0          0   __rtentry2.o
         6          0          0          0          0          0   __rtentry4.o
        52          8          0          0          0          0   __scatter.o
        28          0          0          0          0          0   __scatter_zi.o
         6          0          0          0          0          0   _printf_c.o
        44          0          0          0          0        108   _printf_char.o
        48          6          0          0          0         96   _printf_char_common.o
        36          4          0          0          0         80   _printf_char_file.o
         6          0          0          0          0          0   _printf_d.o
       120         16          0          0          0         92   _printf_dec.o
        88          4         40          0          0         88   _printf_hex_int.o
       178          0          0          0          0         88   _printf_intcommon.o
        78          0          0          0          0        108   _printf_pad.o
         0          0          0          0          0          0   _printf_percent.o
         4          0          0          0          0          0   _printf_percent_end.o
         6          0          0          0          0          0   _printf_s.o
        82          0          0          0          0         80   _printf_str.o
         6          0          0          0          0          0   _printf_u.o
         6          0          0          0          0          0   _printf_x.o
        12          0          0          0          0         72   exit.o
         8          0          0          0          0         68   ferror.o
         6          0          0          0          0        152   heapauxi.o
         2          0          0          0          0          0   libinit.o
         2          0          0          0          0          0   libinit2.o
         2          0          0          0          0          0   libshutdown.o
         2          0          0          0          0          0   libshutdown2.o
         8          4          0          0         96         68   libspace.o
        24          4          0          0          0         84   noretval__2printf.o
         2          0          0          0          0          0   rtexit.o
        10          0          0          0          0          0   rtexit2.o
        74          0          0          0          0         80   sys_stackheap_outer.o
         2          0          0          0          0         68   use_no_semi.o
         2          0          0          0          0         68   use_no_semi_2.o
        90          4          0          0          0         92   dfixu.o
        38          0          0          0          0         68   dflt_clz.o
       340         12          0          0          0        104   dmul.o
       156          4          0          0          0         92   dnaninf.o
        12          0          0          0          0         68   dretinf.o
       430          8          0          0          0        168   faddsub_clz.o
        24          0          0          0          0         68   fcmpi.o
       388         76          0          0          0         96   fdiv.o
       104          4          0          0          0         84   feqf.o
        86          0          0          0          0        136   fflt_clz.o
       104          4          0          0          0         84   fleqf.o
       258          4          0          0          0         84   fmul.o
       140          4          0          0          0         84   fnaninf.o
        10          0          0          0          0         68   fretinf.o
        98          0          0          0          0         68   frleqf.o
         0          0          0          0          0          0   usenofp.o

    ----------------------------------------------------------------------
      3764        170         60          0        100       2992   Library Totals
        10          0          3          0          4          0   (incl. Padding)

    ----------------------------------------------------------------------

      Code (inc. data)   RO Data    RW Data    ZI Data      Debug   Library Name

      1476         50         57          0         96       1628   c_w.l
      2278        120          0          0          0       1364   fz_ws.l

    ----------------------------------------------------------------------
      3764        170         60          0        100       2992   Library Totals

    ----------------------------------------------------------------------

==============================================================================


      Code (inc. data)   RO Data    RW Data    ZI Data      Debug   

     32150       2666       6926       7032       3072     398639   Grand Totals
     32150       2666       6926       2960       3072     398639   ELF Image Totals (compressed)
     32150       2666       6926       2960          0          0   ROM Totals

==============================================================================

    Total RO  Size (Code + RO Data)                39076 (  38.16kB)
    Total RW  Size (RW Data + ZI Data)             10104 (   9.87kB)
    Total ROM Size (Code + RO Data + RW Data)      42036 (  41.05kB)

==============================================================================

